2026-05-04T08:35:28.183-05:00  INFO 3600 --- [sistema-transporte] [main] c.t.s.SistemaTransporteApplication       : Starting SistemaTransporteApplication using Java 17.0.12 with PID 3600 (C:\Users\Elizabeth\Downloads\intiwatana_final_v2\backend\bus-system\target\classes started by Elizabeth in C:\Users\Elizabeth\Downloads\intiwatana_final_v2\backend\bus-system)
2026-05-04T08:35:28.196-05:00  INFO 3600 --- [sistema-transporte] [main] c.t.s.SistemaTransporteApplication       : No active profile set, falling back to 1 default profile: "default"
2026-05-04T08:35:30.105-05:00  INFO 3600 --- [sistema-transporte] [main] .s.d.r.c.RepositoryConfigurationDelegate : Bootstrapping Spring Data JPA repositories in DEFAULT mode.
2026-05-04T08:35:30.281-05:00  INFO 3600 --- [sistema-transporte] [main] .s.d.r.c.RepositoryConfigurationDelegate : Finished Spring Data repository scanning in 162 ms. Found 12 JPA repository interfaces.
2026-05-04T08:35:31.583-05:00  INFO 3600 --- [sistema-transporte] [main] o.s.b.w.embedded.tomcat.TomcatWebServer  : Tomcat initialized with port 8080 (http)
2026-05-04T08:35:31.604-05:00  INFO 3600 --- [sistema-transporte] [main] o.apache.catalina.core.StandardService   : Starting service [Tomcat]
2026-05-04T08:35:31.605-05:00  INFO 3600 --- [sistema-transporte] [main] o.apache.catalina.core.StandardEngine    : Starting Servlet engine: [Apache Tomcat/10.1.24]
2026-05-04T08:35:31.715-05:00  INFO 3600 --- [sistema-transporte] [main] o.a.c.c.C.[Tomcat].[localhost].[/]       : Initializing Spring embedded WebApplicationContext
2026-05-04T08:35:31.716-05:00  INFO 3600 --- [sistema-transporte] [main] w.s.c.ServletWebServerApplicationContext : Root WebApplicationContext: initialization completed in 3443 ms
2026-05-04T08:35:32.062-05:00  INFO 3600 --- [sistema-transporte] [main] com.zaxxer.hikari.HikariDataSource       : TransporteHikariPool - Starting...
2026-05-04T08:35:32.456-05:00  INFO 3600 --- [sistema-transporte] [main] com.zaxxer.hikari.pool.HikariPool        : TransporteHikariPool - Added connection org.postgresql.jdbc.PgConnection@65af05b2
2026-05-04T08:35:32.460-05:00  INFO 3600 --- [sistema-transporte] [main] com.zaxxer.hikari.HikariDataSource       : TransporteHikariPool - Start completed.
2026-05-04T08:35:32.632-05:00  INFO 3600 --- [sistema-transporte] [main] o.hibernate.jpa.internal.util.LogHelper  : HHH000204: Processing PersistenceUnitInfo [name: default]
2026-05-04T08:35:32.770-05:00  INFO 3600 --- [sistema-transporte] [main] org.hibernate.Version                    : HHH000412: Hibernate ORM core version 6.5.2.Final
2026-05-04T08:35:32.832-05:00  INFO 3600 --- [sistema-transporte] [main] o.h.c.internal.RegionFactoryInitiator    : HHH000026: Second-level cache disabled
2026-05-04T08:35:33.491-05:00  INFO 3600 --- [sistema-transporte] [main] o.s.o.j.p.SpringPersistenceUnitInfo      : No LoadTimeWeaver setup: ignoring JPA class transformer
2026-05-04T08:35:36.408-05:00  INFO 3600 --- [sistema-transporte] [main] o.h.e.t.j.p.i.JtaPlatformInitiator       : HHH000489: No JTA platform available (set 'hibernate.transaction.jta.platform' to enable JTA platform integration)
2026-05-04T08:35:36.896-05:00  INFO 3600 --- [sistema-transporte] [main] j.LocalContainerEntityManagerFactoryBean : Initialized JPA EntityManagerFactory for persistence unit 'default'
2026-05-04T08:35:37.478-05:00  INFO 3600 --- [sistema-transporte] [main] o.s.d.j.r.query.QueryEnhancerFactory     : Hibernate is in classpath; If applicable, HQL parser will be used.
2026-05-04T08:35:38.954-05:00  WARN 3600 --- [sistema-transporte] [main] r$InitializeUserDetailsManagerConfigurer : Global AuthenticationManager configured with an AuthenticationProvider bean. UserDetailsService beans will not be used for username/password login. Consider removing the AuthenticationProvider bean. Alternatively, consider using the UserDetailsService in a manually instantiated DaoAuthenticationProvider.
2026-05-04T08:35:40.388-05:00  INFO 3600 --- [sistema-transporte] [main] o.s.b.a.e.web.EndpointLinksResolver      : Exposing 3 endpoints beneath base path '/actuator'
2026-05-04T08:35:41.370-05:00  INFO 3600 --- [sistema-transporte] [main] o.s.b.w.embedded.tomcat.TomcatWebServer  : Tomcat started on port 8080 (http) with context path '/'
2026-05-04T08:35:41.392-05:00  INFO 3600 --- [sistema-transporte] [main] c.t.s.SistemaTransporteApplication       : Started SistemaTransporteApplication in 13.913 seconds (process running for 14.703)
2026-05-04T08:35:41.605-05:00  INFO 3600 --- [sistema-transporte] [main] c.t.sistema.config.DataInitializer       : Ya existen 162 viaje(s) en BD — no se generan viajes de prueba
2026-05-04T08:35:42.023-05:00  INFO 3600 --- [sistema-transporte] [RMI TCP Connection(2)-127.0.0.1] o.a.c.c.C.[Tomcat].[localhost].[/]       : Initializing Spring DispatcherServlet 'dispatcherServlet'
2026-05-04T08:35:42.024-05:00  INFO 3600 --- [sistema-transporte] [RMI TCP Connection(2)-127.0.0.1] o.s.web.servlet.DispatcherServlet        : Initializing Servlet 'dispatcherServlet'
2026-05-04T08:35:42.027-05:00  INFO 3600 --- [sistema-transporte] [RMI TCP Connection(2)-127.0.0.1] o.s.web.servlet.DispatcherServlet        : Completed initialization in 3 ms
2026-05-04T08:37:04.712-05:00  WARN 3600 --- [sistema-transporte] [http-nio-8080-exec-2] org.hibernate.orm.query                  : HHH90003004: firstResult/maxResults specified with collection fetch; applying in memory
2026-05-04T08:37:05.337-05:00  WARN 3600 --- [sistema-transporte] [http-nio-8080-exec-2] PageModule$PlainPageSerializationWarning : Serializing PageImpl instances as-is is not supported, meaning that there is no guarantee about the stability of the resulting JSON structure!
	For a stable JSON structure, please use Spring Data's PagedModel (globally via @EnableSpringDataWebSupport(pageSerializationMode = VIA_DTO))
	or Spring HATEOAS and Spring Data's PagedResourcesAssembler as documented in https://docs.spring.io/spring-data/commons/reference/repositories/core-extensions.html#core.web.pageables.

2026-05-04T08:37:21.263-05:00  WARN 3600 --- [sistema-transporte] [http-nio-8080-exec-3] org.hibernate.orm.query                  : HHH90003004: firstResult/maxResults specified with collection fetch; applying in memory
2026-05-04T08:37:58.125-05:00  WARN 3600 --- [sistema-transporte] [http-nio-8080-exec-7] org.hibernate.orm.query                  : HHH90003004: firstResult/maxResults specified with collection fetch; applying in memory
2026-05-04T08:42:15.195-05:00  WARN 3600 --- [sistema-transporte] [http-nio-8080-exec-6] org.hibernate.orm.query                  : HHH90003004: firstResult/maxResults specified with collection fetch; applying in memory
2026-05-04T08:46:05.233-05:00  INFO 3600 --- [sistema-transporte] [SpringApplicationShutdownHook] j.LocalContainerEntityManagerFactoryBean : Closing JPA EntityManagerFactory for persistence unit 'default'
2026-05-04T08:46:05.240-05:00  INFO 3600 --- [sistema-transporte] [SpringApplicationShutdownHook] com.zaxxer.hikari.HikariDataSource       : TransporteHikariPool - Shutdown initiated...
2026-05-04T08:46:05.287-05:00  INFO 3600 --- [sistema-transporte] [SpringApplicationShutdownHook] com.zaxxer.hikari.HikariDataSource       : TransporteHikariPool - Shutdown completed.
2026-05-04T08:55:59.030-05:00  INFO 20164 --- [sistema-transporte] [main] c.t.s.SistemaTransporteApplication       : Starting SistemaTransporteApplication using Java 17.0.12 with PID 20164 (C:\Users\Elizabeth\Downloads\intiwatana_final_v2\backend\bus-system\target\classes started by Elizabeth in C:\Users\Elizabeth\Downloads\intiwatana_final_v2\backend\bus-system)
2026-05-04T08:55:59.034-05:00  INFO 20164 --- [sistema-transporte] [main] c.t.s.SistemaTransporteApplication       : No active profile set, falling back to 1 default profile: "default"
2026-05-04T08:56:01.537-05:00  INFO 20164 --- [sistema-transporte] [main] .s.d.r.c.RepositoryConfigurationDelegate : Bootstrapping Spring Data JPA repositories in DEFAULT mode.
2026-05-04T08:56:01.770-05:00  INFO 20164 --- [sistema-transporte] [main] .s.d.r.c.RepositoryConfigurationDelegate : Finished Spring Data repository scanning in 208 ms. Found 12 JPA repository interfaces.
2026-05-04T08:56:03.114-05:00  INFO 20164 --- [sistema-transporte] [main] o.s.b.w.embedded.tomcat.TomcatWebServer  : Tomcat initialized with port 8080 (http)
2026-05-04T08:56:03.131-05:00  INFO 20164 --- [sistema-transporte] [main] o.apache.catalina.core.StandardService   : Starting service [Tomcat]
2026-05-04T08:56:03.131-05:00  INFO 20164 --- [sistema-transporte] [main] o.apache.catalina.core.StandardEngine    : Starting Servlet engine: [Apache Tomcat/10.1.24]
2026-05-04T08:56:03.247-05:00  INFO 20164 --- [sistema-transporte] [main] o.a.c.c.C.[Tomcat].[localhost].[/]       : Initializing Spring embedded WebApplicationContext
2026-05-04T08:56:03.248-05:00  INFO 20164 --- [sistema-transporte] [main] w.s.c.ServletWebServerApplicationContext : Root WebApplicationContext: initialization completed in 4150 ms
2026-05-04T08:56:03.643-05:00  INFO 20164 --- [sistema-transporte] [main] com.zaxxer.hikari.HikariDataSource       : TransporteHikariPool - Starting...
2026-05-04T08:56:03.969-05:00  INFO 20164 --- [sistema-transporte] [main] com.zaxxer.hikari.pool.HikariPool        : TransporteHikariPool - Added connection org.postgresql.jdbc.PgConnection@369ad7da
2026-05-04T08:56:03.972-05:00  INFO 20164 --- [sistema-transporte] [main] com.zaxxer.hikari.HikariDataSource       : TransporteHikariPool - Start completed.
2026-05-04T08:56:04.187-05:00  INFO 20164 --- [sistema-transporte] [main] o.hibernate.jpa.internal.util.LogHelper  : HHH000204: Processing PersistenceUnitInfo [name: default]
2026-05-04T08:56:04.330-05:00  INFO 20164 --- [sistema-transporte] [main] org.hibernate.Version                    : HHH000412: Hibernate ORM core version 6.5.2.Final
2026-05-04T08:56:04.395-05:00  INFO 20164 --- [sistema-transporte] [main] o.h.c.internal.RegionFactoryInitiator    : HHH000026: Second-level cache disabled
2026-05-04T08:56:04.941-05:00  INFO 20164 --- [sistema-transporte] [main] o.s.o.j.p.SpringPersistenceUnitInfo      : No LoadTimeWeaver setup: ignoring JPA class transformer
2026-05-04T08:56:07.422-05:00  INFO 20164 --- [sistema-transporte] [main] o.h.e.t.j.p.i.JtaPlatformInitiator       : HHH000489: No JTA platform available (set 'hibernate.transaction.jta.platform' to enable JTA platform integration)
2026-05-04T08:56:07.780-05:00  INFO 20164 --- [sistema-transporte] [main] j.LocalContainerEntityManagerFactoryBean : Initialized JPA EntityManagerFactory for persistence unit 'default'
2026-05-04T08:56:08.333-05:00  INFO 20164 --- [sistema-transporte] [main] o.s.d.j.r.query.QueryEnhancerFactory     : Hibernate is in classpath; If applicable, HQL parser will be used.
2026-05-04T08:56:09.534-05:00  WARN 20164 --- [sistema-transporte] [main] r$InitializeUserDetailsManagerConfigurer : Global AuthenticationManager configured with an AuthenticationProvider bean. UserDetailsService beans will not be used for username/password login. Consider removing the AuthenticationProvider bean. Alternatively, consider using the UserDetailsService in a manually instantiated DaoAuthenticationProvider.
2026-05-04T08:56:10.841-05:00  INFO 20164 --- [sistema-transporte] [main] o.s.b.a.e.web.EndpointLinksResolver      : Exposing 3 endpoints beneath base path '/actuator'
2026-05-04T08:56:11.622-05:00  INFO 20164 --- [sistema-transporte] [main] o.s.b.w.embedded.tomcat.TomcatWebServer  : Tomcat started on port 8080 (http) with context path '/'
2026-05-04T08:56:11.642-05:00  INFO 20164 --- [sistema-transporte] [main] c.t.s.SistemaTransporteApplication       : Started SistemaTransporteApplication in 13.335 seconds (process running for 14.211)
2026-05-04T08:56:11.847-05:00  INFO 20164 --- [sistema-transporte] [main] c.t.sistema.config.DataInitializer       : Ya existen 162 viaje(s) en BD — no se generan viajes de prueba
2026-05-04T08:56:13.538-05:00  INFO 20164 --- [sistema-transporte] [RMI TCP Connection(2)-127.0.0.1] o.a.c.c.C.[Tomcat].[localhost].[/]       : Initializing Spring DispatcherServlet 'dispatcherServlet'
2026-05-04T08:56:13.551-05:00  INFO 20164 --- [sistema-transporte] [RMI TCP Connection(2)-127.0.0.1] o.s.web.servlet.DispatcherServlet        : Initializing Servlet 'dispatcherServlet'
2026-05-04T08:56:13.554-05:00  INFO 20164 --- [sistema-transporte] [RMI TCP Connection(2)-127.0.0.1] o.s.web.servlet.DispatcherServlet        : Completed initialization in 1 ms
2026-05-04T08:57:05.374-05:00  WARN 20164 --- [sistema-transporte] [http-nio-8080-exec-8] org.hibernate.orm.query                  : HHH90003004: firstResult/maxResults specified with collection fetch; applying in memory
2026-05-04T08:57:05.844-05:00  WARN 20164 --- [sistema-transporte] [http-nio-8080-exec-8] PageModule$PlainPageSerializationWarning : Serializing PageImpl instances as-is is not supported, meaning that there is no guarantee about the stability of the resulting JSON structure!
	For a stable JSON structure, please use Spring Data's PagedModel (globally via @EnableSpringDataWebSupport(pageSerializationMode = VIA_DTO))
	or Spring HATEOAS and Spring Data's PagedResourcesAssembler as documented in https://docs.spring.io/spring-data/commons/reference/repositories/core-extensions.html#core.web.pageables.

2026-05-04T08:57:12.790-05:00  INFO 20164 --- [sistema-transporte] [http-nio-8080-exec-10] c.t.s.service.impl.BoletoServiceImpl     : Pasaje comprado: BOL-20260504-000022 | cliente=Jhoseph_F | viaje=2 | asiento=3
2026-05-04T08:57:33.290-05:00  INFO 20164 --- [sistema-transporte] [http-nio-8080-exec-1] c.t.s.service.impl.BoletoServiceImpl     : Pasaje comprado: BOL-20260504-000023 | cliente=Jhoseph_F | viaje=2 | asiento=4
2026-05-04T08:57:33.369-05:00  INFO 20164 --- [sistema-transporte] [http-nio-8080-exec-3] c.t.s.service.impl.BoletoServiceImpl     : Pasaje comprado: BOL-20260504-000024 | cliente=Jhoseph_F | viaje=2 | asiento=8
2026-05-04T08:57:33.472-05:00  INFO 20164 --- [sistema-transporte] [http-nio-8080-exec-4] c.t.s.service.impl.BoletoServiceImpl     : Pasaje comprado: BOL-20260504-000025 | cliente=Jhoseph_F | viaje=2 | asiento=12
2026-05-04T08:57:38.078-05:00  WARN 20164 --- [sistema-transporte] [http-nio-8080-exec-6] org.hibernate.orm.query                  : HHH90003004: firstResult/maxResults specified with collection fetch; applying in memory
2026-05-04T08:57:54.455-05:00  WARN 20164 --- [sistema-transporte] [http-nio-8080-exec-8] org.hibernate.orm.query                  : HHH90003004: firstResult/maxResults specified with collection fetch; applying in memory
2026-05-04T08:58:28.911-05:00  INFO 20164 --- [sistema-transporte] [http-nio-8080-exec-2] c.t.s.service.impl.AuthServiceImpl       : Login exitoso: admin [ROLE_ADMIN]
2026-05-04T09:01:07.727-05:00  INFO 20164 --- [sistema-transporte] [http-nio-8080-exec-1] c.t.s.service.impl.AuthServiceImpl       : Login exitoso: cajero1 [ROLE_CAJERO]
2026-05-04T09:02:10.975-05:00  INFO 20164 --- [sistema-transporte] [http-nio-8080-exec-8] c.t.s.service.impl.AuthServiceImpl       : Login exitoso: Jhoseph_F [ROLE_CLIENTE]
2026-05-04T09:12:37.344-05:00  WARN 20164 --- [sistema-transporte] [http-nio-8080-exec-8] org.hibernate.orm.query                  : HHH90003004: firstResult/maxResults specified with collection fetch; applying in memory
2026-05-04T09:12:53.685-05:00  WARN 20164 --- [sistema-transporte] [http-nio-8080-exec-9] org.hibernate.orm.query                  : HHH90003004: firstResult/maxResults specified with collection fetch; applying in memory
2026-05-04T09:19:56.252-05:00  WARN 20164 --- [sistema-transporte] [http-nio-8080-exec-1] org.hibernate.orm.query                  : HHH90003004: firstResult/maxResults specified with collection fetch; applying in memory
2026-05-04T09:19:57.345-05:00  WARN 20164 --- [sistema-transporte] [http-nio-8080-exec-5] org.hibernate.orm.query                  : HHH90003004: firstResult/maxResults specified with collection fetch; applying in memory
2026-05-04T09:20:03.443-05:00  WARN 20164 --- [sistema-transporte] [http-nio-8080-exec-2] org.hibernate.orm.query                  : HHH90003004: firstResult/maxResults specified with collection fetch; applying in memory
2026-05-04T09:20:59.309-05:00  INFO 20164 --- [sistema-transporte] [http-nio-8080-exec-8] c.t.s.s.impl.EncomiendaServiceImpl       : Encomienda GUI-20260504-000001 solicitada por cliente Jhoseph_F
2026-05-04T09:21:13.378-05:00  WARN 20164 --- [sistema-transporte] [http-nio-8080-exec-9] org.hibernate.orm.query                  : HHH90003004: firstResult/maxResults specified with collection fetch; applying in memory
2026-05-04T09:22:41.520-05:00  INFO 20164 --- [sistema-transporte] [SpringApplicationShutdownHook] j.LocalContainerEntityManagerFactoryBean : Closing JPA EntityManagerFactory for persistence unit 'default'
2026-05-04T09:22:41.524-05:00  INFO 20164 --- [sistema-transporte] [SpringApplicationShutdownHook] com.zaxxer.hikari.HikariDataSource       : TransporteHikariPool - Shutdown initiated...
2026-05-04T09:22:41.528-05:00  INFO 20164 --- [sistema-transporte] [SpringApplicationShutdownHook] com.zaxxer.hikari.HikariDataSource       : TransporteHikariPool - Shutdown completed.
2026-05-04T09:23:54.334-05:00  INFO 6324 --- [sistema-transporte] [main] c.t.s.SistemaTransporteApplication       : Starting SistemaTransporteApplication using Java 17.0.12 with PID 6324 (C:\Users\Elizabeth\Downloads\intiwatana_final_v2\backend\bus-system\target\classes started by Elizabeth in C:\Users\Elizabeth\Downloads\intiwatana_final_v2\backend\bus-system)
2026-05-04T09:23:54.338-05:00  INFO 6324 --- [sistema-transporte] [main] c.t.s.SistemaTransporteApplication       : No active profile set, falling back to 1 default profile: "default"
2026-05-04T09:23:55.981-05:00  INFO 6324 --- [sistema-transporte] [main] .s.d.r.c.RepositoryConfigurationDelegate : Bootstrapping Spring Data JPA repositories in DEFAULT mode.
2026-05-04T09:23:56.149-05:00  INFO 6324 --- [sistema-transporte] [main] .s.d.r.c.RepositoryConfigurationDelegate : Finished Spring Data repository scanning in 151 ms. Found 12 JPA repository interfaces.
2026-05-04T09:23:57.446-05:00  INFO 6324 --- [sistema-transporte] [main] o.s.b.w.embedded.tomcat.TomcatWebServer  : Tomcat initialized with port 8080 (http)
2026-05-04T09:23:57.468-05:00  INFO 6324 --- [sistema-transporte] [main] o.apache.catalina.core.StandardService   : Starting service [Tomcat]
2026-05-04T09:23:57.469-05:00  INFO 6324 --- [sistema-transporte] [main] o.apache.catalina.core.StandardEngine    : Starting Servlet engine: [Apache Tomcat/10.1.24]
2026-05-04T09:23:57.599-05:00  INFO 6324 --- [sistema-transporte] [main] o.a.c.c.C.[Tomcat].[localhost].[/]       : Initializing Spring embedded WebApplicationContext
2026-05-04T09:23:57.600-05:00  INFO 6324 --- [sistema-transporte] [main] w.s.c.ServletWebServerApplicationContext : Root WebApplicationContext: initialization completed in 3181 ms
2026-05-04T09:23:58.005-05:00  INFO 6324 --- [sistema-transporte] [main] com.zaxxer.hikari.HikariDataSource       : TransporteHikariPool - Starting...
2026-05-04T09:23:58.287-05:00  INFO 6324 --- [sistema-transporte] [main] com.zaxxer.hikari.pool.HikariPool        : TransporteHikariPool - Added connection org.postgresql.jdbc.PgConnection@2c3f43d1
2026-05-04T09:23:58.290-05:00  INFO 6324 --- [sistema-transporte] [main] com.zaxxer.hikari.HikariDataSource       : TransporteHikariPool - Start completed.
2026-05-04T09:23:58.434-05:00  INFO 6324 --- [sistema-transporte] [main] o.hibernate.jpa.internal.util.LogHelper  : HHH000204: Processing PersistenceUnitInfo [name: default]
2026-05-04T09:23:58.523-05:00  INFO 6324 --- [sistema-transporte] [main] org.hibernate.Version                    : HHH000412: Hibernate ORM core version 6.5.2.Final
2026-05-04T09:23:58.584-05:00  INFO 6324 --- [sistema-transporte] [main] o.h.c.internal.RegionFactoryInitiator    : HHH000026: Second-level cache disabled
2026-05-04T09:23:59.100-05:00  INFO 6324 --- [sistema-transporte] [main] o.s.o.j.p.SpringPersistenceUnitInfo      : No LoadTimeWeaver setup: ignoring JPA class transformer
2026-05-04T09:24:01.142-05:00  INFO 6324 --- [sistema-transporte] [main] o.h.e.t.j.p.i.JtaPlatformInitiator       : HHH000489: No JTA platform available (set 'hibernate.transaction.jta.platform' to enable JTA platform integration)
2026-05-04T09:24:01.411-05:00  INFO 6324 --- [sistema-transporte] [main] j.LocalContainerEntityManagerFactoryBean : Initialized JPA EntityManagerFactory for persistence unit 'default'
2026-05-04T09:24:01.925-05:00  INFO 6324 --- [sistema-transporte] [main] o.s.d.j.r.query.QueryEnhancerFactory     : Hibernate is in classpath; If applicable, HQL parser will be used.
2026-05-04T09:24:03.071-05:00  WARN 6324 --- [sistema-transporte] [main] r$InitializeUserDetailsManagerConfigurer : Global AuthenticationManager configured with an AuthenticationProvider bean. UserDetailsService beans will not be used for username/password login. Consider removing the AuthenticationProvider bean. Alternatively, consider using the UserDetailsService in a manually instantiated DaoAuthenticationProvider.
2026-05-04T09:24:04.406-05:00  INFO 6324 --- [sistema-transporte] [main] o.s.b.a.e.web.EndpointLinksResolver      : Exposing 3 endpoints beneath base path '/actuator'
2026-05-04T09:24:05.322-05:00  INFO 6324 --- [sistema-transporte] [main] o.s.b.w.embedded.tomcat.TomcatWebServer  : Tomcat started on port 8080 (http) with context path '/'
2026-05-04T09:24:05.341-05:00  INFO 6324 --- [sistema-transporte] [main] c.t.s.SistemaTransporteApplication       : Started SistemaTransporteApplication in 11.648 seconds (process running for 12.487)
2026-05-04T09:24:05.558-05:00  INFO 6324 --- [sistema-transporte] [main] c.t.sistema.config.DataInitializer       : Ya existen 162 viaje(s) en BD — no se generan viajes de prueba
2026-05-04T09:24:05.742-05:00  INFO 6324 --- [sistema-transporte] [RMI TCP Connection(2)-127.0.0.1] o.a.c.c.C.[Tomcat].[localhost].[/]       : Initializing Spring DispatcherServlet 'dispatcherServlet'
2026-05-04T09:24:05.742-05:00  INFO 6324 --- [sistema-transporte] [RMI TCP Connection(2)-127.0.0.1] o.s.web.servlet.DispatcherServlet        : Initializing Servlet 'dispatcherServlet'
2026-05-04T09:24:05.744-05:00  INFO 6324 --- [sistema-transporte] [RMI TCP Connection(2)-127.0.0.1] o.s.web.servlet.DispatcherServlet        : Completed initialization in 1 ms
2026-05-04T09:25:39.569-05:00  WARN 6324 --- [sistema-transporte] [http-nio-8080-exec-5] org.hibernate.orm.query                  : HHH90003004: firstResult/maxResults specified with collection fetch; applying in memory
2026-05-04T09:25:40.076-05:00  WARN 6324 --- [sistema-transporte] [http-nio-8080-exec-5] PageModule$PlainPageSerializationWarning : Serializing PageImpl instances as-is is not supported, meaning that there is no guarantee about the stability of the resulting JSON structure!
	For a stable JSON structure, please use Spring Data's PagedModel (globally via @EnableSpringDataWebSupport(pageSerializationMode = VIA_DTO))
	or Spring HATEOAS and Spring Data's PagedResourcesAssembler as documented in https://docs.spring.io/spring-data/commons/reference/repositories/core-extensions.html#core.web.pageables.

2026-05-04T09:25:41.993-05:00  WARN 6324 --- [sistema-transporte] [http-nio-8080-exec-6] org.hibernate.orm.query                  : HHH90003004: firstResult/maxResults specified with collection fetch; applying in memory
2026-05-04T09:25:44.120-05:00  WARN 6324 --- [sistema-transporte] [http-nio-8080-exec-7] org.hibernate.orm.query                  : HHH90003004: firstResult/maxResults specified with collection fetch; applying in memory
2026-05-04T10:20:50.137-05:00  INFO 6324 --- [sistema-transporte] [SpringApplicationShutdownHook] j.LocalContainerEntityManagerFactoryBean : Closing JPA EntityManagerFactory for persistence unit 'default'
2026-05-04T10:20:50.144-05:00  INFO 6324 --- [sistema-transporte] [SpringApplicationShutdownHook] com.zaxxer.hikari.HikariDataSource       : TransporteHikariPool - Shutdown initiated...
2026-05-04T10:20:50.151-05:00  INFO 6324 --- [sistema-transporte] [SpringApplicationShutdownHook] com.zaxxer.hikari.HikariDataSource       : TransporteHikariPool - Shutdown completed.
2026-05-04T10:21:23.924-05:00  INFO 20600 --- [sistema-transporte] [main] c.t.s.SistemaTransporteApplication       : Starting SistemaTransporteApplication using Java 17.0.12 with PID 20600 (C:\Users\Elizabeth\Downloads\intiwatana_final_v2\backend\bus-system\target\classes started by Elizabeth in C:\Users\Elizabeth\Downloads\intiwatana_final_v2\backend\bus-system)
2026-05-04T10:21:23.929-05:00  INFO 20600 --- [sistema-transporte] [main] c.t.s.SistemaTransporteApplication       : No active profile set, falling back to 1 default profile: "default"
2026-05-04T10:21:26.119-05:00  INFO 20600 --- [sistema-transporte] [main] .s.d.r.c.RepositoryConfigurationDelegate : Bootstrapping Spring Data JPA repositories in DEFAULT mode.
2026-05-04T10:21:26.321-05:00  INFO 20600 --- [sistema-transporte] [main] .s.d.r.c.RepositoryConfigurationDelegate : Finished Spring Data repository scanning in 190 ms. Found 12 JPA repository interfaces.
2026-05-04T10:21:27.934-05:00  INFO 20600 --- [sistema-transporte] [main] o.s.b.w.embedded.tomcat.TomcatWebServer  : Tomcat initialized with port 8080 (http)
2026-05-04T10:21:27.958-05:00  INFO 20600 --- [sistema-transporte] [main] o.apache.catalina.core.StandardService   : Starting service [Tomcat]
2026-05-04T10:21:27.958-05:00  INFO 20600 --- [sistema-transporte] [main] o.apache.catalina.core.StandardEngine    : Starting Servlet engine: [Apache Tomcat/10.1.24]
2026-05-04T10:21:28.081-05:00  INFO 20600 --- [sistema-transporte] [main] o.a.c.c.C.[Tomcat].[localhost].[/]       : Initializing Spring embedded WebApplicationContext
2026-05-04T10:21:28.084-05:00  INFO 20600 --- [sistema-transporte] [main] w.s.c.ServletWebServerApplicationContext : Root WebApplicationContext: initialization completed in 4088 ms
2026-05-04T10:21:28.549-05:00  INFO 20600 --- [sistema-transporte] [main] com.zaxxer.hikari.HikariDataSource       : TransporteHikariPool - Starting...
2026-05-04T10:21:28.867-05:00  INFO 20600 --- [sistema-transporte] [main] com.zaxxer.hikari.pool.HikariPool        : TransporteHikariPool - Added connection org.postgresql.jdbc.PgConnection@2d801d8
2026-05-04T10:21:28.871-05:00  INFO 20600 --- [sistema-transporte] [main] com.zaxxer.hikari.HikariDataSource       : TransporteHikariPool - Start completed.
2026-05-04T10:21:29.068-05:00  INFO 20600 --- [sistema-transporte] [main] o.hibernate.jpa.internal.util.LogHelper  : HHH000204: Processing PersistenceUnitInfo [name: default]
2026-05-04T10:21:29.195-05:00  INFO 20600 --- [sistema-transporte] [main] org.hibernate.Version                    : HHH000412: Hibernate ORM core version 6.5.2.Final
2026-05-04T10:21:29.271-05:00  INFO 20600 --- [sistema-transporte] [main] o.h.c.internal.RegionFactoryInitiator    : HHH000026: Second-level cache disabled
2026-05-04T10:21:29.781-05:00  INFO 20600 --- [sistema-transporte] [main] o.s.o.j.p.SpringPersistenceUnitInfo      : No LoadTimeWeaver setup: ignoring JPA class transformer
2026-05-04T10:21:32.241-05:00  INFO 20600 --- [sistema-transporte] [main] o.h.e.t.j.p.i.JtaPlatformInitiator       : HHH000489: No JTA platform available (set 'hibernate.transaction.jta.platform' to enable JTA platform integration)
2026-05-04T10:21:32.631-05:00  INFO 20600 --- [sistema-transporte] [main] j.LocalContainerEntityManagerFactoryBean : Initialized JPA EntityManagerFactory for persistence unit 'default'
2026-05-04T10:21:33.224-05:00  INFO 20600 --- [sistema-transporte] [main] o.s.d.j.r.query.QueryEnhancerFactory     : Hibernate is in classpath; If applicable, HQL parser will be used.
2026-05-04T10:21:34.654-05:00  WARN 20600 --- [sistema-transporte] [main] r$InitializeUserDetailsManagerConfigurer : Global AuthenticationManager configured with an AuthenticationProvider bean. UserDetailsService beans will not be used for username/password login. Consider removing the AuthenticationProvider bean. Alternatively, consider using the UserDetailsService in a manually instantiated DaoAuthenticationProvider.
2026-05-04T10:21:36.253-05:00  INFO 20600 --- [sistema-transporte] [main] o.s.b.a.e.web.EndpointLinksResolver      : Exposing 3 endpoints beneath base path '/actuator'
2026-05-04T10:21:37.234-05:00  INFO 20600 --- [sistema-transporte] [main] o.s.b.w.embedded.tomcat.TomcatWebServer  : Tomcat started on port 8080 (http) with context path '/'
2026-05-04T10:21:37.252-05:00  INFO 20600 --- [sistema-transporte] [main] c.t.s.SistemaTransporteApplication       : Started SistemaTransporteApplication in 14.083 seconds (process running for 15.083)
2026-05-04T10:21:37.474-05:00  INFO 20600 --- [sistema-transporte] [main] c.t.sistema.config.DataInitializer       : Ya existen 162 viaje(s) en BD — no se generan viajes de prueba
2026-05-04T10:21:38.155-05:00  INFO 20600 --- [sistema-transporte] [RMI TCP Connection(2)-127.0.0.1] o.a.c.c.C.[Tomcat].[localhost].[/]       : Initializing Spring DispatcherServlet 'dispatcherServlet'
2026-05-04T10:21:38.156-05:00  INFO 20600 --- [sistema-transporte] [RMI TCP Connection(2)-127.0.0.1] o.s.web.servlet.DispatcherServlet        : Initializing Servlet 'dispatcherServlet'
2026-05-04T10:21:38.158-05:00  INFO 20600 --- [sistema-transporte] [RMI TCP Connection(2)-127.0.0.1] o.s.web.servlet.DispatcherServlet        : Completed initialization in 2 ms
2026-05-04T10:21:51.349-05:00  WARN 20600 --- [sistema-transporte] [http-nio-8080-exec-2] org.hibernate.orm.query                  : HHH90003004: firstResult/maxResults specified with collection fetch; applying in memory
2026-05-04T10:21:51.906-05:00  WARN 20600 --- [sistema-transporte] [http-nio-8080-exec-2] PageModule$PlainPageSerializationWarning : Serializing PageImpl instances as-is is not supported, meaning that there is no guarantee about the stability of the resulting JSON structure!
	For a stable JSON structure, please use Spring Data's PagedModel (globally via @EnableSpringDataWebSupport(pageSerializationMode = VIA_DTO))
	or Spring HATEOAS and Spring Data's PagedResourcesAssembler as documented in https://docs.spring.io/spring-data/commons/reference/repositories/core-extensions.html#core.web.pageables.

2026-05-04T10:21:54.308-05:00  WARN 20600 --- [sistema-transporte] [http-nio-8080-exec-3] org.hibernate.orm.query                  : HHH90003004: firstResult/maxResults specified with collection fetch; applying in memory
2026-05-04T10:22:00.527-05:00  WARN 20600 --- [sistema-transporte] [http-nio-8080-exec-7] org.hibernate.orm.query                  : HHH90003004: firstResult/maxResults specified with collection fetch; applying in memory
2026-05-04T10:22:04.743-05:00  WARN 20600 --- [sistema-transporte] [http-nio-8080-exec-9] org.hibernate.orm.query                  : HHH90003004: firstResult/maxResults specified with collection fetch; applying in memory
2026-05-04T10:23:41.945-05:00  INFO 20600 --- [sistema-transporte] [http-nio-8080-exec-1] c.t.s.s.impl.EncomiendaServiceImpl       : Encomienda GUI-20260504-000002 solicitada por cliente Jhoseph_F
2026-05-04T10:26:58.855-05:00  INFO 21792 --- [sistema-transporte] [main] c.t.s.SistemaTransporteApplication       : Starting SistemaTransporteApplication using Java 17.0.12 with PID 21792 (C:\Users\Elizabeth\Downloads\intiwatana_final_v2\backend\bus-system\target\classes started by Elizabeth in C:\Users\Elizabeth\Downloads\intiwatana_final_v2\backend\bus-system)
2026-05-04T10:26:58.860-05:00  INFO 21792 --- [sistema-transporte] [main] c.t.s.SistemaTransporteApplication       : No active profile set, falling back to 1 default profile: "default"
2026-05-04T10:27:00.550-05:00  INFO 21792 --- [sistema-transporte] [main] .s.d.r.c.RepositoryConfigurationDelegate : Bootstrapping Spring Data JPA repositories in DEFAULT mode.
2026-05-04T10:27:00.703-05:00  INFO 21792 --- [sistema-transporte] [main] .s.d.r.c.RepositoryConfigurationDelegate : Finished Spring Data repository scanning in 144 ms. Found 12 JPA repository interfaces.
2026-05-04T10:27:01.888-05:00  INFO 21792 --- [sistema-transporte] [main] o.s.b.w.embedded.tomcat.TomcatWebServer  : Tomcat initialized with port 8080 (http)
2026-05-04T10:27:01.904-05:00  INFO 21792 --- [sistema-transporte] [main] o.apache.catalina.core.StandardService   : Starting service [Tomcat]
2026-05-04T10:27:01.904-05:00  INFO 21792 --- [sistema-transporte] [main] o.apache.catalina.core.StandardEngine    : Starting Servlet engine: [Apache Tomcat/10.1.24]
2026-05-04T10:27:02.125-05:00  INFO 21792 --- [sistema-transporte] [main] o.a.c.c.C.[Tomcat].[localhost].[/]       : Initializing Spring embedded WebApplicationContext
2026-05-04T10:27:02.127-05:00  INFO 21792 --- [sistema-transporte] [main] w.s.c.ServletWebServerApplicationContext : Root WebApplicationContext: initialization completed in 3188 ms
2026-05-04T10:27:02.463-05:00  INFO 21792 --- [sistema-transporte] [main] com.zaxxer.hikari.HikariDataSource       : TransporteHikariPool - Starting...
2026-05-04T10:27:02.731-05:00  INFO 21792 --- [sistema-transporte] [main] com.zaxxer.hikari.pool.HikariPool        : TransporteHikariPool - Added connection org.postgresql.jdbc.PgConnection@6ec3d8e4
2026-05-04T10:27:02.735-05:00  INFO 21792 --- [sistema-transporte] [main] com.zaxxer.hikari.HikariDataSource       : TransporteHikariPool - Start completed.
2026-05-04T10:27:02.880-05:00  INFO 21792 --- [sistema-transporte] [main] o.hibernate.jpa.internal.util.LogHelper  : HHH000204: Processing PersistenceUnitInfo [name: default]
2026-05-04T10:27:02.959-05:00  INFO 21792 --- [sistema-transporte] [main] org.hibernate.Version                    : HHH000412: Hibernate ORM core version 6.5.2.Final
2026-05-04T10:27:03.018-05:00  INFO 21792 --- [sistema-transporte] [main] o.h.c.internal.RegionFactoryInitiator    : HHH000026: Second-level cache disabled
2026-05-04T10:27:03.428-05:00  INFO 21792 --- [sistema-transporte] [main] o.s.o.j.p.SpringPersistenceUnitInfo      : No LoadTimeWeaver setup: ignoring JPA class transformer
2026-05-04T10:27:05.405-05:00  INFO 21792 --- [sistema-transporte] [main] o.h.e.t.j.p.i.JtaPlatformInitiator       : HHH000489: No JTA platform available (set 'hibernate.transaction.jta.platform' to enable JTA platform integration)
2026-05-04T10:27:05.737-05:00  INFO 21792 --- [sistema-transporte] [main] j.LocalContainerEntityManagerFactoryBean : Initialized JPA EntityManagerFactory for persistence unit 'default'
2026-05-04T10:27:06.208-05:00  INFO 21792 --- [sistema-transporte] [main] o.s.d.j.r.query.QueryEnhancerFactory     : Hibernate is in classpath; If applicable, HQL parser will be used.
2026-05-04T10:27:07.278-05:00  WARN 21792 --- [sistema-transporte] [main] r$InitializeUserDetailsManagerConfigurer : Global AuthenticationManager configured with an AuthenticationProvider bean. UserDetailsService beans will not be used for username/password login. Consider removing the AuthenticationProvider bean. Alternatively, consider using the UserDetailsService in a manually instantiated DaoAuthenticationProvider.
2026-05-04T10:27:08.370-05:00  INFO 21792 --- [sistema-transporte] [main] o.s.b.a.e.web.EndpointLinksResolver      : Exposing 3 endpoints beneath base path '/actuator'
2026-05-04T10:27:09.096-05:00  INFO 21792 --- [sistema-transporte] [main] o.s.b.w.embedded.tomcat.TomcatWebServer  : Tomcat started on port 8080 (http) with context path '/'
2026-05-04T10:27:09.118-05:00  INFO 21792 --- [sistema-transporte] [main] c.t.s.SistemaTransporteApplication       : Started SistemaTransporteApplication in 10.895 seconds (process running for 11.59)
2026-05-04T10:27:09.289-05:00  INFO 21792 --- [sistema-transporte] [main] c.t.sistema.config.DataInitializer       : Ya existen 162 viaje(s) en BD — no se generan viajes de prueba
2026-05-04T10:27:09.762-05:00  INFO 21792 --- [sistema-transporte] [RMI TCP Connection(2)-127.0.0.1] o.a.c.c.C.[Tomcat].[localhost].[/]       : Initializing Spring DispatcherServlet 'dispatcherServlet'
2026-05-04T10:27:09.762-05:00  INFO 21792 --- [sistema-transporte] [RMI TCP Connection(2)-127.0.0.1] o.s.web.servlet.DispatcherServlet        : Initializing Servlet 'dispatcherServlet'
2026-05-04T10:27:09.764-05:00  INFO 21792 --- [sistema-transporte] [RMI TCP Connection(2)-127.0.0.1] o.s.web.servlet.DispatcherServlet        : Completed initialization in 2 ms
2026-05-04T10:27:42.933-05:00  INFO 21792 --- [sistema-transporte] [http-nio-8080-exec-5] c.t.s.service.impl.AuthServiceImpl       : Login exitoso: admin [ROLE_ADMIN]
2026-05-04T10:27:43.168-05:00  WARN 21792 --- [sistema-transporte] [http-nio-8080-exec-9] PageModule$PlainPageSerializationWarning : Serializing PageImpl instances as-is is not supported, meaning that there is no guarantee about the stability of the resulting JSON structure!
	For a stable JSON structure, please use Spring Data's PagedModel (globally via @EnableSpringDataWebSupport(pageSerializationMode = VIA_DTO))
	or Spring HATEOAS and Spring Data's PagedResourcesAssembler as documented in https://docs.spring.io/spring-data/commons/reference/repositories/core-extensions.html#core.web.pageables.

2026-05-04T10:35:15.649-05:00  INFO 21792 --- [sistema-transporte] [SpringApplicationShutdownHook] j.LocalContainerEntityManagerFactoryBean : Closing JPA EntityManagerFactory for persistence unit 'default'
2026-05-04T10:35:15.658-05:00  INFO 21792 --- [sistema-transporte] [SpringApplicationShutdownHook] com.zaxxer.hikari.HikariDataSource       : TransporteHikariPool - Shutdown initiated...
2026-05-04T10:35:15.742-05:00  INFO 21792 --- [sistema-transporte] [SpringApplicationShutdownHook] com.zaxxer.hikari.HikariDataSource       : TransporteHikariPool - Shutdown completed.
2026-05-04T10:35:20.134-05:00  INFO 22100 --- [sistema-transporte] [main] c.t.s.SistemaTransporteApplication       : Starting SistemaTransporteApplication using Java 17.0.12 with PID 22100 (C:\Users\Elizabeth\Downloads\intiwatana_final_v2\backend\bus-system\target\classes started by Elizabeth in C:\Users\Elizabeth\Downloads\intiwatana_final_v2\backend\bus-system)
2026-05-04T10:35:20.137-05:00  INFO 22100 --- [sistema-transporte] [main] c.t.s.SistemaTransporteApplication       : No active profile set, falling back to 1 default profile: "default"
2026-05-04T10:35:21.896-05:00  INFO 22100 --- [sistema-transporte] [main] .s.d.r.c.RepositoryConfigurationDelegate : Bootstrapping Spring Data JPA repositories in DEFAULT mode.
2026-05-04T10:35:22.089-05:00  INFO 22100 --- [sistema-transporte] [main] .s.d.r.c.RepositoryConfigurationDelegate : Finished Spring Data repository scanning in 181 ms. Found 12 JPA repository interfaces.
2026-05-04T10:35:23.438-05:00  INFO 22100 --- [sistema-transporte] [main] o.s.b.w.embedded.tomcat.TomcatWebServer  : Tomcat initialized with port 8080 (http)
2026-05-04T10:35:23.454-05:00  INFO 22100 --- [sistema-transporte] [main] o.apache.catalina.core.StandardService   : Starting service [Tomcat]
2026-05-04T10:35:23.455-05:00  INFO 22100 --- [sistema-transporte] [main] o.apache.catalina.core.StandardEngine    : Starting Servlet engine: [Apache Tomcat/10.1.24]
2026-05-04T10:35:23.567-05:00  INFO 22100 --- [sistema-transporte] [main] o.a.c.c.C.[Tomcat].[localhost].[/]       : Initializing Spring embedded WebApplicationContext
2026-05-04T10:35:23.567-05:00  INFO 22100 --- [sistema-transporte] [main] w.s.c.ServletWebServerApplicationContext : Root WebApplicationContext: initialization completed in 3356 ms
2026-05-04T10:35:23.964-05:00  INFO 22100 --- [sistema-transporte] [main] com.zaxxer.hikari.HikariDataSource       : TransporteHikariPool - Starting...
2026-05-04T10:35:24.221-05:00  INFO 22100 --- [sistema-transporte] [main] com.zaxxer.hikari.pool.HikariPool        : TransporteHikariPool - Added connection org.postgresql.jdbc.PgConnection@58fbcb71
2026-05-04T10:35:24.224-05:00  INFO 22100 --- [sistema-transporte] [main] com.zaxxer.hikari.HikariDataSource       : TransporteHikariPool - Start completed.
2026-05-04T10:35:24.411-05:00  INFO 22100 --- [sistema-transporte] [main] o.hibernate.jpa.internal.util.LogHelper  : HHH000204: Processing PersistenceUnitInfo [name: default]
2026-05-04T10:35:24.496-05:00  INFO 22100 --- [sistema-transporte] [main] org.hibernate.Version                    : HHH000412: Hibernate ORM core version 6.5.2.Final
2026-05-04T10:35:24.551-05:00  INFO 22100 --- [sistema-transporte] [main] o.h.c.internal.RegionFactoryInitiator    : HHH000026: Second-level cache disabled
2026-05-04T10:35:24.967-05:00  INFO 22100 --- [sistema-transporte] [main] o.s.o.j.p.SpringPersistenceUnitInfo      : No LoadTimeWeaver setup: ignoring JPA class transformer
2026-05-04T10:35:27.069-05:00  INFO 22100 --- [sistema-transporte] [main] o.h.e.t.j.p.i.JtaPlatformInitiator       : HHH000489: No JTA platform available (set 'hibernate.transaction.jta.platform' to enable JTA platform integration)
2026-05-04T10:35:27.414-05:00  INFO 22100 --- [sistema-transporte] [main] j.LocalContainerEntityManagerFactoryBean : Initialized JPA EntityManagerFactory for persistence unit 'default'
2026-05-04T10:35:27.889-05:00  INFO 22100 --- [sistema-transporte] [main] o.s.d.j.r.query.QueryEnhancerFactory     : Hibernate is in classpath; If applicable, HQL parser will be used.
2026-05-04T10:35:28.933-05:00  WARN 22100 --- [sistema-transporte] [main] r$InitializeUserDetailsManagerConfigurer : Global AuthenticationManager configured with an AuthenticationProvider bean. UserDetailsService beans will not be used for username/password login. Consider removing the AuthenticationProvider bean. Alternatively, consider using the UserDetailsService in a manually instantiated DaoAuthenticationProvider.
2026-05-04T10:35:30.193-05:00  INFO 22100 --- [sistema-transporte] [main] o.s.b.a.e.web.EndpointLinksResolver      : Exposing 3 endpoints beneath base path '/actuator'
2026-05-04T10:35:31.093-05:00  INFO 22100 --- [sistema-transporte] [main] o.s.b.w.embedded.tomcat.TomcatWebServer  : Tomcat started on port 8080 (http) with context path '/'
2026-05-04T10:35:31.117-05:00  INFO 22100 --- [sistema-transporte] [main] c.t.s.SistemaTransporteApplication       : Started SistemaTransporteApplication in 11.571 seconds (process running for 12.356)
2026-05-04T10:35:31.313-05:00  INFO 22100 --- [sistema-transporte] [main] c.t.sistema.config.DataInitializer       : Ya existen 162 viaje(s) en BD — no se generan viajes de prueba
2026-05-04T10:35:31.674-05:00  INFO 22100 --- [sistema-transporte] [RMI TCP Connection(2)-127.0.0.1] o.a.c.c.C.[Tomcat].[localhost].[/]       : Initializing Spring DispatcherServlet 'dispatcherServlet'
2026-05-04T10:35:31.676-05:00  INFO 22100 --- [sistema-transporte] [RMI TCP Connection(2)-127.0.0.1] o.s.web.servlet.DispatcherServlet        : Initializing Servlet 'dispatcherServlet'
2026-05-04T10:35:31.678-05:00  INFO 22100 --- [sistema-transporte] [RMI TCP Connection(2)-127.0.0.1] o.s.web.servlet.DispatcherServlet        : Completed initialization in 1 ms
2026-05-04T10:37:30.671-05:00  WARN 22100 --- [sistema-transporte] [http-nio-8080-exec-3] PageModule$PlainPageSerializationWarning : Serializing PageImpl instances as-is is not supported, meaning that there is no guarantee about the stability of the resulting JSON structure!
	For a stable JSON structure, please use Spring Data's PagedModel (globally via @EnableSpringDataWebSupport(pageSerializationMode = VIA_DTO))
	or Spring HATEOAS and Spring Data's PagedResourcesAssembler as documented in https://docs.spring.io/spring-data/commons/reference/repositories/core-extensions.html#core.web.pageables.

2026-05-04T10:43:20.510-05:00  WARN 22100 --- [sistema-transporte] [http-nio-8080-exec-2] c.t.s.exception.GlobalExceptionHandler   : Error de negocio [/api/v1/encomiendas/1/estado]: Transición inválida: EN_DESTINO ? EN_ALMACEN
2026-05-04T10:45:08.612-05:00  INFO 22100 --- [sistema-transporte] [http-nio-8080-exec-6] c.t.s.service.impl.AuthServiceImpl       : Login exitoso: Jhoseph_F [ROLE_CLIENTE]
2026-05-04T10:45:12.313-05:00  WARN 22100 --- [sistema-transporte] [http-nio-8080-exec-9] org.hibernate.orm.query                  : HHH90003004: firstResult/maxResults specified with collection fetch; applying in memory
2026-05-04T10:53:25.311-05:00  INFO 20816 --- [sistema-transporte] [main] c.t.s.SistemaTransporteApplication       : Starting SistemaTransporteApplication using Java 17.0.12 with PID 20816 (C:\Users\Elizabeth\Downloads\intiwatana_final_v2\backend\bus-system\target\classes started by Elizabeth in C:\Users\Elizabeth\Downloads\intiwatana_final_v2\backend\bus-system)
2026-05-04T10:53:25.315-05:00  INFO 20816 --- [sistema-transporte] [main] c.t.s.SistemaTransporteApplication       : No active profile set, falling back to 1 default profile: "default"
2026-05-04T10:53:27.049-05:00  INFO 20816 --- [sistema-transporte] [main] .s.d.r.c.RepositoryConfigurationDelegate : Bootstrapping Spring Data JPA repositories in DEFAULT mode.
2026-05-04T10:53:27.225-05:00  INFO 20816 --- [sistema-transporte] [main] .s.d.r.c.RepositoryConfigurationDelegate : Finished Spring Data repository scanning in 165 ms. Found 12 JPA repository interfaces.
2026-05-04T10:53:28.533-05:00  INFO 20816 --- [sistema-transporte] [main] o.s.b.w.embedded.tomcat.TomcatWebServer  : Tomcat initialized with port 8080 (http)
2026-05-04T10:53:28.559-05:00  INFO 20816 --- [sistema-transporte] [main] o.apache.catalina.core.StandardService   : Starting service [Tomcat]
2026-05-04T10:53:28.561-05:00  INFO 20816 --- [sistema-transporte] [main] o.apache.catalina.core.StandardEngine    : Starting Servlet engine: [Apache Tomcat/10.1.24]
2026-05-04T10:53:28.697-05:00  INFO 20816 --- [sistema-transporte] [main] o.a.c.c.C.[Tomcat].[localhost].[/]       : Initializing Spring embedded WebApplicationContext
2026-05-04T10:53:28.698-05:00  INFO 20816 --- [sistema-transporte] [main] w.s.c.ServletWebServerApplicationContext : Root WebApplicationContext: initialization completed in 3306 ms
2026-05-04T10:53:29.072-05:00  INFO 20816 --- [sistema-transporte] [main] com.zaxxer.hikari.HikariDataSource       : TransporteHikariPool - Starting...
2026-05-04T10:53:29.354-05:00  INFO 20816 --- [sistema-transporte] [main] com.zaxxer.hikari.pool.HikariPool        : TransporteHikariPool - Added connection org.postgresql.jdbc.PgConnection@2d801d8
2026-05-04T10:53:29.358-05:00  INFO 20816 --- [sistema-transporte] [main] com.zaxxer.hikari.HikariDataSource       : TransporteHikariPool - Start completed.
2026-05-04T10:53:29.517-05:00  INFO 20816 --- [sistema-transporte] [main] o.hibernate.jpa.internal.util.LogHelper  : HHH000204: Processing PersistenceUnitInfo [name: default]
2026-05-04T10:53:29.604-05:00  INFO 20816 --- [sistema-transporte] [main] org.hibernate.Version                    : HHH000412: Hibernate ORM core version 6.5.2.Final
2026-05-04T10:53:29.670-05:00  INFO 20816 --- [sistema-transporte] [main] o.h.c.internal.RegionFactoryInitiator    : HHH000026: Second-level cache disabled
2026-05-04T10:53:30.100-05:00  INFO 20816 --- [sistema-transporte] [main] o.s.o.j.p.SpringPersistenceUnitInfo      : No LoadTimeWeaver setup: ignoring JPA class transformer
2026-05-04T10:53:32.490-05:00  INFO 20816 --- [sistema-transporte] [main] o.h.e.t.j.p.i.JtaPlatformInitiator       : HHH000489: No JTA platform available (set 'hibernate.transaction.jta.platform' to enable JTA platform integration)
2026-05-04T10:53:32.992-05:00  INFO 20816 --- [sistema-transporte] [main] j.LocalContainerEntityManagerFactoryBean : Initialized JPA EntityManagerFactory for persistence unit 'default'
2026-05-04T10:53:33.621-05:00  INFO 20816 --- [sistema-transporte] [main] o.s.d.j.r.query.QueryEnhancerFactory     : Hibernate is in classpath; If applicable, HQL parser will be used.
2026-05-04T10:53:35.004-05:00  WARN 20816 --- [sistema-transporte] [main] r$InitializeUserDetailsManagerConfigurer : Global AuthenticationManager configured with an AuthenticationProvider bean. UserDetailsService beans will not be used for username/password login. Consider removing the AuthenticationProvider bean. Alternatively, consider using the UserDetailsService in a manually instantiated DaoAuthenticationProvider.
2026-05-04T10:53:36.314-05:00  INFO 20816 --- [sistema-transporte] [main] o.s.b.a.e.web.EndpointLinksResolver      : Exposing 3 endpoints beneath base path '/actuator'
2026-05-04T10:53:37.091-05:00  INFO 20816 --- [sistema-transporte] [main] o.s.b.w.embedded.tomcat.TomcatWebServer  : Tomcat started on port 8080 (http) with context path '/'
2026-05-04T10:53:37.119-05:00  INFO 20816 --- [sistema-transporte] [main] c.t.s.SistemaTransporteApplication       : Started SistemaTransporteApplication in 12.43 seconds (process running for 13.259)
2026-05-04T10:53:37.302-05:00  INFO 20816 --- [sistema-transporte] [main] c.t.sistema.config.DataInitializer       : Ya existen 162 viaje(s) en BD — no se generan viajes de prueba
2026-05-04T10:53:39.937-05:00  INFO 20816 --- [sistema-transporte] [RMI TCP Connection(2)-127.0.0.1] o.a.c.c.C.[Tomcat].[localhost].[/]       : Initializing Spring DispatcherServlet 'dispatcherServlet'
2026-05-04T10:53:39.939-05:00  INFO 20816 --- [sistema-transporte] [RMI TCP Connection(2)-127.0.0.1] o.s.web.servlet.DispatcherServlet        : Initializing Servlet 'dispatcherServlet'
2026-05-04T10:53:39.943-05:00  INFO 20816 --- [sistema-transporte] [RMI TCP Connection(2)-127.0.0.1] o.s.web.servlet.DispatcherServlet        : Completed initialization in 2 ms
2026-05-04T10:54:23.437-05:00  INFO 16888 --- [sistema-transporte] [main] c.t.s.SistemaTransporteApplication       : Starting SistemaTransporteApplication using Java 17.0.12 with PID 16888 (C:\Users\Elizabeth\Downloads\intiwatana_final_v2\backend\bus-system\target\classes started by Elizabeth in C:\Users\Elizabeth\Downloads\intiwatana_final_v2\backend\bus-system)
2026-05-04T10:54:23.439-05:00  INFO 16888 --- [sistema-transporte] [main] c.t.s.SistemaTransporteApplication       : No active profile set, falling back to 1 default profile: "default"
2026-05-04T10:54:25.104-05:00  INFO 16888 --- [sistema-transporte] [main] .s.d.r.c.RepositoryConfigurationDelegate : Bootstrapping Spring Data JPA repositories in DEFAULT mode.
2026-05-04T10:54:25.275-05:00  INFO 16888 --- [sistema-transporte] [main] .s.d.r.c.RepositoryConfigurationDelegate : Finished Spring Data repository scanning in 160 ms. Found 12 JPA repository interfaces.
2026-05-04T10:54:26.570-05:00  INFO 16888 --- [sistema-transporte] [main] o.s.b.w.embedded.tomcat.TomcatWebServer  : Tomcat initialized with port 8080 (http)
2026-05-04T10:54:26.587-05:00  INFO 16888 --- [sistema-transporte] [main] o.apache.catalina.core.StandardService   : Starting service [Tomcat]
2026-05-04T10:54:26.588-05:00  INFO 16888 --- [sistema-transporte] [main] o.apache.catalina.core.StandardEngine    : Starting Servlet engine: [Apache Tomcat/10.1.24]
2026-05-04T10:54:26.688-05:00  INFO 16888 --- [sistema-transporte] [main] o.a.c.c.C.[Tomcat].[localhost].[/]       : Initializing Spring embedded WebApplicationContext
2026-05-04T10:54:26.689-05:00  INFO 16888 --- [sistema-transporte] [main] w.s.c.ServletWebServerApplicationContext : Root WebApplicationContext: initialization completed in 3169 ms
2026-05-04T10:54:27.029-05:00  INFO 16888 --- [sistema-transporte] [main] com.zaxxer.hikari.HikariDataSource       : TransporteHikariPool - Starting...
2026-05-04T10:54:27.290-05:00  INFO 16888 --- [sistema-transporte] [main] com.zaxxer.hikari.pool.HikariPool        : TransporteHikariPool - Added connection org.postgresql.jdbc.PgConnection@7417ef4f
2026-05-04T10:54:27.296-05:00  INFO 16888 --- [sistema-transporte] [main] com.zaxxer.hikari.HikariDataSource       : TransporteHikariPool - Start completed.
2026-05-04T10:54:27.462-05:00  INFO 16888 --- [sistema-transporte] [main] o.hibernate.jpa.internal.util.LogHelper  : HHH000204: Processing PersistenceUnitInfo [name: default]
2026-05-04T10:54:27.573-05:00  INFO 16888 --- [sistema-transporte] [main] org.hibernate.Version                    : HHH000412: Hibernate ORM core version 6.5.2.Final
2026-05-04T10:54:27.633-05:00  INFO 16888 --- [sistema-transporte] [main] o.h.c.internal.RegionFactoryInitiator    : HHH000026: Second-level cache disabled
2026-05-04T10:54:28.078-05:00  INFO 16888 --- [sistema-transporte] [main] o.s.o.j.p.SpringPersistenceUnitInfo      : No LoadTimeWeaver setup: ignoring JPA class transformer
2026-05-04T10:54:30.038-05:00  INFO 16888 --- [sistema-transporte] [main] o.h.e.t.j.p.i.JtaPlatformInitiator       : HHH000489: No JTA platform available (set 'hibernate.transaction.jta.platform' to enable JTA platform integration)
2026-05-04T10:54:30.431-05:00  INFO 16888 --- [sistema-transporte] [main] j.LocalContainerEntityManagerFactoryBean : Initialized JPA EntityManagerFactory for persistence unit 'default'
2026-05-04T10:54:30.900-05:00  INFO 16888 --- [sistema-transporte] [main] o.s.d.j.r.query.QueryEnhancerFactory     : Hibernate is in classpath; If applicable, HQL parser will be used.
2026-05-04T10:54:32.016-05:00  WARN 16888 --- [sistema-transporte] [main] r$InitializeUserDetailsManagerConfigurer : Global AuthenticationManager configured with an AuthenticationProvider bean. UserDetailsService beans will not be used for username/password login. Consider removing the AuthenticationProvider bean. Alternatively, consider using the UserDetailsService in a manually instantiated DaoAuthenticationProvider.
2026-05-04T10:54:33.342-05:00  INFO 16888 --- [sistema-transporte] [main] o.s.b.a.e.web.EndpointLinksResolver      : Exposing 3 endpoints beneath base path '/actuator'
2026-05-04T10:54:34.127-05:00  INFO 16888 --- [sistema-transporte] [main] o.s.b.w.embedded.tomcat.TomcatWebServer  : Tomcat started on port 8080 (http) with context path '/'
2026-05-04T10:54:34.151-05:00  INFO 16888 --- [sistema-transporte] [main] c.t.s.SistemaTransporteApplication       : Started SistemaTransporteApplication in 11.326 seconds (process running for 12.122)
2026-05-04T10:54:34.348-05:00  INFO 16888 --- [sistema-transporte] [main] c.t.sistema.config.DataInitializer       : Ya existen 162 viaje(s) en BD — no se generan viajes de prueba
2026-05-04T10:54:34.899-05:00  INFO 16888 --- [sistema-transporte] [RMI TCP Connection(2)-127.0.0.1] o.a.c.c.C.[Tomcat].[localhost].[/]       : Initializing Spring DispatcherServlet 'dispatcherServlet'
2026-05-04T10:54:34.900-05:00  INFO 16888 --- [sistema-transporte] [RMI TCP Connection(2)-127.0.0.1] o.s.web.servlet.DispatcherServlet        : Initializing Servlet 'dispatcherServlet'
2026-05-04T10:54:34.902-05:00  INFO 16888 --- [sistema-transporte] [RMI TCP Connection(2)-127.0.0.1] o.s.web.servlet.DispatcherServlet        : Completed initialization in 2 ms
2026-05-04T10:55:41.393-05:00  INFO 16888 --- [sistema-transporte] [http-nio-8080-exec-4] c.t.s.service.impl.AuthServiceImpl       : Login exitoso: admin [ROLE_ADMIN]
2026-05-04T10:55:41.650-05:00  WARN 16888 --- [sistema-transporte] [http-nio-8080-exec-10] PageModule$PlainPageSerializationWarning : Serializing PageImpl instances as-is is not supported, meaning that there is no guarantee about the stability of the resulting JSON structure!
	For a stable JSON structure, please use Spring Data's PagedModel (globally via @EnableSpringDataWebSupport(pageSerializationMode = VIA_DTO))
	or Spring HATEOAS and Spring Data's PagedResourcesAssembler as documented in https://docs.spring.io/spring-data/commons/reference/repositories/core-extensions.html#core.web.pageables.

2026-05-04T11:02:37.447-05:00  INFO 18964 --- [sistema-transporte] [main] c.t.s.SistemaTransporteApplication       : Starting SistemaTransporteApplication using Java 17.0.12 with PID 18964 (C:\Users\Elizabeth\Downloads\intiwatana_final_v2\backend\bus-system\target\classes started by Elizabeth in C:\Users\Elizabeth\Downloads\intiwatana_final_v2\backend\bus-system)
2026-05-04T11:02:37.453-05:00  INFO 18964 --- [sistema-transporte] [main] c.t.s.SistemaTransporteApplication       : No active profile set, falling back to 1 default profile: "default"
2026-05-04T11:02:39.190-05:00  INFO 18964 --- [sistema-transporte] [main] .s.d.r.c.RepositoryConfigurationDelegate : Bootstrapping Spring Data JPA repositories in DEFAULT mode.
2026-05-04T11:02:39.360-05:00  INFO 18964 --- [sistema-transporte] [main] .s.d.r.c.RepositoryConfigurationDelegate : Finished Spring Data repository scanning in 161 ms. Found 12 JPA repository interfaces.
2026-05-04T11:02:40.524-05:00  INFO 18964 --- [sistema-transporte] [main] o.s.b.w.embedded.tomcat.TomcatWebServer  : Tomcat initialized with port 8080 (http)
2026-05-04T11:02:40.540-05:00  INFO 18964 --- [sistema-transporte] [main] o.apache.catalina.core.StandardService   : Starting service [Tomcat]
2026-05-04T11:02:40.541-05:00  INFO 18964 --- [sistema-transporte] [main] o.apache.catalina.core.StandardEngine    : Starting Servlet engine: [Apache Tomcat/10.1.24]
2026-05-04T11:02:40.640-05:00  INFO 18964 --- [sistema-transporte] [main] o.a.c.c.C.[Tomcat].[localhost].[/]       : Initializing Spring embedded WebApplicationContext
2026-05-04T11:02:40.641-05:00  INFO 18964 --- [sistema-transporte] [main] w.s.c.ServletWebServerApplicationContext : Root WebApplicationContext: initialization completed in 3112 ms
2026-05-04T11:02:40.981-05:00  INFO 18964 --- [sistema-transporte] [main] com.zaxxer.hikari.HikariDataSource       : TransporteHikariPool - Starting...
2026-05-04T11:02:41.228-05:00  INFO 18964 --- [sistema-transporte] [main] com.zaxxer.hikari.pool.HikariPool        : TransporteHikariPool - Added connection org.postgresql.jdbc.PgConnection@2299d903
2026-05-04T11:02:41.231-05:00  INFO 18964 --- [sistema-transporte] [main] com.zaxxer.hikari.HikariDataSource       : TransporteHikariPool - Start completed.
2026-05-04T11:02:41.370-05:00  INFO 18964 --- [sistema-transporte] [main] o.hibernate.jpa.internal.util.LogHelper  : HHH000204: Processing PersistenceUnitInfo [name: default]
2026-05-04T11:02:41.451-05:00  INFO 18964 --- [sistema-transporte] [main] org.hibernate.Version                    : HHH000412: Hibernate ORM core version 6.5.2.Final
2026-05-04T11:02:41.509-05:00  INFO 18964 --- [sistema-transporte] [main] o.h.c.internal.RegionFactoryInitiator    : HHH000026: Second-level cache disabled
2026-05-04T11:02:41.936-05:00  INFO 18964 --- [sistema-transporte] [main] o.s.o.j.p.SpringPersistenceUnitInfo      : No LoadTimeWeaver setup: ignoring JPA class transformer
2026-05-04T11:02:44.013-05:00  INFO 18964 --- [sistema-transporte] [main] o.h.e.t.j.p.i.JtaPlatformInitiator       : HHH000489: No JTA platform available (set 'hibernate.transaction.jta.platform' to enable JTA platform integration)
2026-05-04T11:02:44.363-05:00  INFO 18964 --- [sistema-transporte] [main] j.LocalContainerEntityManagerFactoryBean : Initialized JPA EntityManagerFactory for persistence unit 'default'
2026-05-04T11:02:44.868-05:00  INFO 18964 --- [sistema-transporte] [main] o.s.d.j.r.query.QueryEnhancerFactory     : Hibernate is in classpath; If applicable, HQL parser will be used.
2026-05-04T11:02:45.972-05:00  WARN 18964 --- [sistema-transporte] [main] r$InitializeUserDetailsManagerConfigurer : Global AuthenticationManager configured with an AuthenticationProvider bean. UserDetailsService beans will not be used for username/password login. Consider removing the AuthenticationProvider bean. Alternatively, consider using the UserDetailsService in a manually instantiated DaoAuthenticationProvider.
2026-05-04T11:02:47.156-05:00  INFO 18964 --- [sistema-transporte] [main] o.s.b.a.e.web.EndpointLinksResolver      : Exposing 3 endpoints beneath base path '/actuator'
2026-05-04T11:02:47.915-05:00  INFO 18964 --- [sistema-transporte] [main] o.s.b.w.embedded.tomcat.TomcatWebServer  : Tomcat started on port 8080 (http) with context path '/'
2026-05-04T11:02:47.933-05:00  INFO 18964 --- [sistema-transporte] [main] c.t.s.SistemaTransporteApplication       : Started SistemaTransporteApplication in 11.073 seconds (process running for 11.813)
2026-05-04T11:02:48.114-05:00  INFO 18964 --- [sistema-transporte] [main] c.t.sistema.config.DataInitializer       : Ya existen 162 viaje(s) en BD — no se generan viajes de prueba
2026-05-04T11:02:49.008-05:00  INFO 18964 --- [sistema-transporte] [RMI TCP Connection(2)-127.0.0.1] o.a.c.c.C.[Tomcat].[localhost].[/]       : Initializing Spring DispatcherServlet 'dispatcherServlet'
2026-05-04T11:02:49.008-05:00  INFO 18964 --- [sistema-transporte] [RMI TCP Connection(2)-127.0.0.1] o.s.web.servlet.DispatcherServlet        : Initializing Servlet 'dispatcherServlet'
2026-05-04T11:02:49.010-05:00  INFO 18964 --- [sistema-transporte] [RMI TCP Connection(2)-127.0.0.1] o.s.web.servlet.DispatcherServlet        : Completed initialization in 1 ms
2026-05-04T11:02:56.047-05:00  WARN 18964 --- [sistema-transporte] [http-nio-8080-exec-4] PageModule$PlainPageSerializationWarning : Serializing PageImpl instances as-is is not supported, meaning that there is no guarantee about the stability of the resulting JSON structure!
	For a stable JSON structure, please use Spring Data's PagedModel (globally via @EnableSpringDataWebSupport(pageSerializationMode = VIA_DTO))
	or Spring HATEOAS and Spring Data's PagedResourcesAssembler as documented in https://docs.spring.io/spring-data/commons/reference/repositories/core-extensions.html#core.web.pageables.

2026-05-04T11:05:00.164-05:00  INFO 18964 --- [sistema-transporte] [http-nio-8080-exec-2] c.t.s.service.impl.AuthServiceImpl       : Login exitoso: Jhoseph_F [ROLE_CLIENTE]
2026-05-04T11:06:07.384-05:00  WARN 18964 --- [sistema-transporte] [http-nio-8080-exec-1] org.hibernate.orm.query                  : HHH90003004: firstResult/maxResults specified with collection fetch; applying in memory
2026-05-04T11:06:42.533-05:00  INFO 18964 --- [sistema-transporte] [http-nio-8080-exec-3] c.t.s.service.impl.BoletoServiceImpl     : Pasaje comprado: BOL-20260504-000026 | cliente=Jhoseph_F | viaje=9 | asiento=1
2026-05-04T11:06:42.666-05:00  INFO 18964 --- [sistema-transporte] [http-nio-8080-exec-7] c.t.s.service.impl.BoletoServiceImpl     : Pasaje comprado: BOL-20260504-000027 | cliente=Jhoseph_F | viaje=9 | asiento=2
2026-05-04T11:06:42.760-05:00  INFO 18964 --- [sistema-transporte] [http-nio-8080-exec-2] c.t.s.service.impl.BoletoServiceImpl     : Pasaje comprado: BOL-20260504-000028 | cliente=Jhoseph_F | viaje=9 | asiento=6
2026-05-04T11:06:42.860-05:00  INFO 18964 --- [sistema-transporte] [http-nio-8080-exec-9] c.t.s.service.impl.BoletoServiceImpl     : Pasaje comprado: BOL-20260504-000029 | cliente=Jhoseph_F | viaje=9 | asiento=10
2026-05-04T11:12:00.347-05:00  INFO 9052 --- [sistema-transporte] [main] c.t.s.SistemaTransporteApplication       : Starting SistemaTransporteApplication using Java 17.0.12 with PID 9052 (C:\Users\Elizabeth\Downloads\intiwatana_final_v2\backend\bus-system\target\classes started by Elizabeth in C:\Users\Elizabeth\Downloads\intiwatana_final_v2\backend\bus-system)
2026-05-04T11:12:00.350-05:00  INFO 9052 --- [sistema-transporte] [main] c.t.s.SistemaTransporteApplication       : No active profile set, falling back to 1 default profile: "default"
2026-05-04T11:12:02.211-05:00  INFO 9052 --- [sistema-transporte] [main] .s.d.r.c.RepositoryConfigurationDelegate : Bootstrapping Spring Data JPA repositories in DEFAULT mode.
2026-05-04T11:12:02.504-05:00  INFO 9052 --- [sistema-transporte] [main] .s.d.r.c.RepositoryConfigurationDelegate : Finished Spring Data repository scanning in 276 ms. Found 12 JPA repository interfaces.
2026-05-04T11:12:03.800-05:00  INFO 9052 --- [sistema-transporte] [main] o.s.b.w.embedded.tomcat.TomcatWebServer  : Tomcat initialized with port 8080 (http)
2026-05-04T11:12:03.818-05:00  INFO 9052 --- [sistema-transporte] [main] o.apache.catalina.core.StandardService   : Starting service [Tomcat]
2026-05-04T11:12:03.820-05:00  INFO 9052 --- [sistema-transporte] [main] o.apache.catalina.core.StandardEngine    : Starting Servlet engine: [Apache Tomcat/10.1.24]
2026-05-04T11:12:03.936-05:00  INFO 9052 --- [sistema-transporte] [main] o.a.c.c.C.[Tomcat].[localhost].[/]       : Initializing Spring embedded WebApplicationContext
2026-05-04T11:12:03.936-05:00  INFO 9052 --- [sistema-transporte] [main] w.s.c.ServletWebServerApplicationContext : Root WebApplicationContext: initialization completed in 3506 ms
2026-05-04T11:12:04.328-05:00  INFO 9052 --- [sistema-transporte] [main] com.zaxxer.hikari.HikariDataSource       : TransporteHikariPool - Starting...
2026-05-04T11:12:04.611-05:00  INFO 9052 --- [sistema-transporte] [main] com.zaxxer.hikari.pool.HikariPool        : TransporteHikariPool - Added connection org.postgresql.jdbc.PgConnection@38ef1a0a
2026-05-04T11:12:04.614-05:00  INFO 9052 --- [sistema-transporte] [main] com.zaxxer.hikari.HikariDataSource       : TransporteHikariPool - Start completed.
2026-05-04T11:12:04.768-05:00  INFO 9052 --- [sistema-transporte] [main] o.hibernate.jpa.internal.util.LogHelper  : HHH000204: Processing PersistenceUnitInfo [name: default]
2026-05-04T11:12:04.855-05:00  INFO 9052 --- [sistema-transporte] [main] org.hibernate.Version                    : HHH000412: Hibernate ORM core version 6.5.2.Final
2026-05-04T11:12:04.923-05:00  INFO 9052 --- [sistema-transporte] [main] o.h.c.internal.RegionFactoryInitiator    : HHH000026: Second-level cache disabled
2026-05-04T11:12:05.343-05:00  INFO 9052 --- [sistema-transporte] [main] o.s.o.j.p.SpringPersistenceUnitInfo      : No LoadTimeWeaver setup: ignoring JPA class transformer
2026-05-04T11:12:07.315-05:00  INFO 9052 --- [sistema-transporte] [main] o.h.e.t.j.p.i.JtaPlatformInitiator       : HHH000489: No JTA platform available (set 'hibernate.transaction.jta.platform' to enable JTA platform integration)
2026-05-04T11:12:07.643-05:00  INFO 9052 --- [sistema-transporte] [main] j.LocalContainerEntityManagerFactoryBean : Initialized JPA EntityManagerFactory for persistence unit 'default'
2026-05-04T11:12:08.128-05:00  INFO 9052 --- [sistema-transporte] [main] o.s.d.j.r.query.QueryEnhancerFactory     : Hibernate is in classpath; If applicable, HQL parser will be used.
2026-05-04T11:12:09.446-05:00  WARN 9052 --- [sistema-transporte] [main] r$InitializeUserDetailsManagerConfigurer : Global AuthenticationManager configured with an AuthenticationProvider bean. UserDetailsService beans will not be used for username/password login. Consider removing the AuthenticationProvider bean. Alternatively, consider using the UserDetailsService in a manually instantiated DaoAuthenticationProvider.
2026-05-04T11:12:10.624-05:00  INFO 9052 --- [sistema-transporte] [main] o.s.b.a.e.web.EndpointLinksResolver      : Exposing 3 endpoints beneath base path '/actuator'
2026-05-04T11:12:11.440-05:00  INFO 9052 --- [sistema-transporte] [main] o.s.b.w.embedded.tomcat.TomcatWebServer  : Tomcat started on port 8080 (http) with context path '/'
2026-05-04T11:12:11.459-05:00  INFO 9052 --- [sistema-transporte] [main] c.t.s.SistemaTransporteApplication       : Started SistemaTransporteApplication in 11.76 seconds (process running for 12.692)
2026-05-04T11:12:11.641-05:00  INFO 9052 --- [sistema-transporte] [main] c.t.sistema.config.DataInitializer       : Ya existen 162 viaje(s) en BD — no se generan viajes de prueba
2026-05-04T11:12:11.717-05:00  INFO 9052 --- [sistema-transporte] [RMI TCP Connection(2)-127.0.0.1] o.a.c.c.C.[Tomcat].[localhost].[/]       : Initializing Spring DispatcherServlet 'dispatcherServlet'
2026-05-04T11:12:11.718-05:00  INFO 9052 --- [sistema-transporte] [RMI TCP Connection(2)-127.0.0.1] o.s.web.servlet.DispatcherServlet        : Initializing Servlet 'dispatcherServlet'
2026-05-04T11:12:11.720-05:00  INFO 9052 --- [sistema-transporte] [RMI TCP Connection(2)-127.0.0.1] o.s.web.servlet.DispatcherServlet        : Completed initialization in 2 ms
2026-05-04T11:13:13.635-05:00  INFO 9052 --- [sistema-transporte] [http-nio-8080-exec-5] c.t.s.service.impl.AuthServiceImpl       : Login exitoso: admin [ROLE_ADMIN]
2026-05-04T11:13:13.769-05:00  WARN 9052 --- [sistema-transporte] [http-nio-8080-exec-9] PageModule$PlainPageSerializationWarning : Serializing PageImpl instances as-is is not supported, meaning that there is no guarantee about the stability of the resulting JSON structure!
	For a stable JSON structure, please use Spring Data's PagedModel (globally via @EnableSpringDataWebSupport(pageSerializationMode = VIA_DTO))
	or Spring HATEOAS and Spring Data's PagedResourcesAssembler as documented in https://docs.spring.io/spring-data/commons/reference/repositories/core-extensions.html#core.web.pageables.

2026-05-04T11:14:21.439-05:00  INFO 9052 --- [sistema-transporte] [http-nio-8080-exec-10] c.t.s.service.impl.ViajeServiceImpl      : Viaje actualizado: id=2 | estado=EN_CURSO
2026-05-04T11:14:56.130-05:00  INFO 9052 --- [sistema-transporte] [http-nio-8080-exec-1] c.t.s.service.impl.AuthServiceImpl       : Login exitoso: Jhoseph_F [ROLE_CLIENTE]
2026-05-04T11:21:45.988-05:00  INFO 9052 --- [sistema-transporte] [http-nio-8080-exec-4] c.t.s.service.impl.AuthServiceImpl       : Login exitoso: admin [ROLE_ADMIN]
2026-05-04T11:24:25.278-05:00  INFO 14576 --- [sistema-transporte] [main] c.t.s.SistemaTransporteApplication       : Starting SistemaTransporteApplication using Java 17.0.12 with PID 14576 (C:\Users\Elizabeth\Downloads\intiwatana_final_v2\backend\bus-system\target\classes started by Elizabeth in C:\Users\Elizabeth\Downloads\intiwatana_final_v2\backend\bus-system)
2026-05-04T11:24:25.283-05:00  INFO 14576 --- [sistema-transporte] [main] c.t.s.SistemaTransporteApplication       : No active profile set, falling back to 1 default profile: "default"
2026-05-04T11:24:26.832-05:00  INFO 14576 --- [sistema-transporte] [main] .s.d.r.c.RepositoryConfigurationDelegate : Bootstrapping Spring Data JPA repositories in DEFAULT mode.
2026-05-04T11:24:27.034-05:00  INFO 14576 --- [sistema-transporte] [main] .s.d.r.c.RepositoryConfigurationDelegate : Finished Spring Data repository scanning in 189 ms. Found 12 JPA repository interfaces.
2026-05-04T11:24:28.332-05:00  INFO 14576 --- [sistema-transporte] [main] o.s.b.w.embedded.tomcat.TomcatWebServer  : Tomcat initialized with port 8080 (http)
2026-05-04T11:24:28.354-05:00  INFO 14576 --- [sistema-transporte] [main] o.apache.catalina.core.StandardService   : Starting service [Tomcat]
2026-05-04T11:24:28.356-05:00  INFO 14576 --- [sistema-transporte] [main] o.apache.catalina.core.StandardEngine    : Starting Servlet engine: [Apache Tomcat/10.1.24]
2026-05-04T11:24:28.464-05:00  INFO 14576 --- [sistema-transporte] [main] o.a.c.c.C.[Tomcat].[localhost].[/]       : Initializing Spring embedded WebApplicationContext
2026-05-04T11:24:28.464-05:00  INFO 14576 --- [sistema-transporte] [main] w.s.c.ServletWebServerApplicationContext : Root WebApplicationContext: initialization completed in 3103 ms
2026-05-04T11:24:28.785-05:00  INFO 14576 --- [sistema-transporte] [main] com.zaxxer.hikari.HikariDataSource       : TransporteHikariPool - Starting...
2026-05-04T11:24:29.035-05:00  INFO 14576 --- [sistema-transporte] [main] com.zaxxer.hikari.pool.HikariPool        : TransporteHikariPool - Added connection org.postgresql.jdbc.PgConnection@28fa541
2026-05-04T11:24:29.038-05:00  INFO 14576 --- [sistema-transporte] [main] com.zaxxer.hikari.HikariDataSource       : TransporteHikariPool - Start completed.
2026-05-04T11:24:29.185-05:00  INFO 14576 --- [sistema-transporte] [main] o.hibernate.jpa.internal.util.LogHelper  : HHH000204: Processing PersistenceUnitInfo [name: default]
2026-05-04T11:24:29.273-05:00  INFO 14576 --- [sistema-transporte] [main] org.hibernate.Version                    : HHH000412: Hibernate ORM core version 6.5.2.Final
2026-05-04T11:24:29.328-05:00  INFO 14576 --- [sistema-transporte] [main] o.h.c.internal.RegionFactoryInitiator    : HHH000026: Second-level cache disabled
2026-05-04T11:24:29.859-05:00  INFO 14576 --- [sistema-transporte] [main] o.s.o.j.p.SpringPersistenceUnitInfo      : No LoadTimeWeaver setup: ignoring JPA class transformer
2026-05-04T11:24:31.919-05:00  INFO 14576 --- [sistema-transporte] [main] o.h.e.t.j.p.i.JtaPlatformInitiator       : HHH000489: No JTA platform available (set 'hibernate.transaction.jta.platform' to enable JTA platform integration)
2026-05-04T11:24:32.199-05:00  INFO 14576 --- [sistema-transporte] [main] j.LocalContainerEntityManagerFactoryBean : Initialized JPA EntityManagerFactory for persistence unit 'default'
2026-05-04T11:24:32.686-05:00  INFO 14576 --- [sistema-transporte] [main] o.s.d.j.r.query.QueryEnhancerFactory     : Hibernate is in classpath; If applicable, HQL parser will be used.
2026-05-04T11:24:33.731-05:00  WARN 14576 --- [sistema-transporte] [main] r$InitializeUserDetailsManagerConfigurer : Global AuthenticationManager configured with an AuthenticationProvider bean. UserDetailsService beans will not be used for username/password login. Consider removing the AuthenticationProvider bean. Alternatively, consider using the UserDetailsService in a manually instantiated DaoAuthenticationProvider.
2026-05-04T11:24:34.866-05:00  INFO 14576 --- [sistema-transporte] [main] o.s.b.a.e.web.EndpointLinksResolver      : Exposing 3 endpoints beneath base path '/actuator'
2026-05-04T11:24:35.583-05:00  INFO 14576 --- [sistema-transporte] [main] o.s.b.w.embedded.tomcat.TomcatWebServer  : Tomcat started on port 8080 (http) with context path '/'
2026-05-04T11:24:35.605-05:00  INFO 14576 --- [sistema-transporte] [main] c.t.s.SistemaTransporteApplication       : Started SistemaTransporteApplication in 10.936 seconds (process running for 11.561)
2026-05-04T11:24:35.799-05:00  INFO 14576 --- [sistema-transporte] [main] c.t.sistema.config.DataInitializer       : Ya existen 162 viaje(s) en BD — no se generan viajes de prueba
2026-05-04T11:24:36.305-05:00  INFO 14576 --- [sistema-transporte] [RMI TCP Connection(2)-127.0.0.1] o.a.c.c.C.[Tomcat].[localhost].[/]       : Initializing Spring DispatcherServlet 'dispatcherServlet'
2026-05-04T11:24:36.305-05:00  INFO 14576 --- [sistema-transporte] [RMI TCP Connection(2)-127.0.0.1] o.s.web.servlet.DispatcherServlet        : Initializing Servlet 'dispatcherServlet'
2026-05-04T11:24:36.308-05:00  INFO 14576 --- [sistema-transporte] [RMI TCP Connection(2)-127.0.0.1] o.s.web.servlet.DispatcherServlet        : Completed initialization in 3 ms
2026-05-04T11:25:30.150-05:00  WARN 14576 --- [sistema-transporte] [http-nio-8080-exec-3] PageModule$PlainPageSerializationWarning : Serializing PageImpl instances as-is is not supported, meaning that there is no guarantee about the stability of the resulting JSON structure!
	For a stable JSON structure, please use Spring Data's PagedModel (globally via @EnableSpringDataWebSupport(pageSerializationMode = VIA_DTO))
	or Spring HATEOAS and Spring Data's PagedResourcesAssembler as documented in https://docs.spring.io/spring-data/commons/reference/repositories/core-extensions.html#core.web.pageables.

2026-05-04T11:25:59.179-05:00  INFO 14576 --- [sistema-transporte] [http-nio-8080-exec-3] c.t.s.service.impl.AuthServiceImpl       : Login exitoso: Jhoseph_F [ROLE_CLIENTE]
2026-05-04T11:26:03.468-05:00  WARN 14576 --- [sistema-transporte] [http-nio-8080-exec-1] org.hibernate.orm.query                  : HHH90003004: firstResult/maxResults specified with collection fetch; applying in memory
2026-05-04T11:26:05.105-05:00  WARN 14576 --- [sistema-transporte] [http-nio-8080-exec-6] org.hibernate.orm.query                  : HHH90003004: firstResult/maxResults specified with collection fetch; applying in memory
2026-05-04T11:26:07.488-05:00  WARN 14576 --- [sistema-transporte] [http-nio-8080-exec-7] org.hibernate.orm.query                  : HHH90003004: firstResult/maxResults specified with collection fetch; applying in memory
2026-05-11T14:38:28.998-05:00  INFO 19912 --- [sistema-transporte] [main] c.t.s.SistemaTransporteApplication       : Starting SistemaTransporteApplication using Java 17.0.12 with PID 19912 (C:\Users\Elizabeth\Downloads\Intiwatana\intiwatana_final_v2\backend\bus-system\target\classes started by Elizabeth in C:\Users\Elizabeth\Downloads\Intiwatana\intiwatana_final_v2\backend\bus-system)
2026-05-11T14:38:29.002-05:00  INFO 19912 --- [sistema-transporte] [main] c.t.s.SistemaTransporteApplication       : No active profile set, falling back to 1 default profile: "default"
2026-05-11T14:38:30.507-05:00  INFO 19912 --- [sistema-transporte] [main] .s.d.r.c.RepositoryConfigurationDelegate : Bootstrapping Spring Data JPA repositories in DEFAULT mode.
2026-05-11T14:38:30.677-05:00  INFO 19912 --- [sistema-transporte] [main] .s.d.r.c.RepositoryConfigurationDelegate : Finished Spring Data repository scanning in 158 ms. Found 12 JPA repository interfaces.
2026-05-11T14:38:31.942-05:00  INFO 19912 --- [sistema-transporte] [main] o.s.b.w.embedded.tomcat.TomcatWebServer  : Tomcat initialized with port 8080 (http)
2026-05-11T14:38:31.957-05:00  INFO 19912 --- [sistema-transporte] [main] o.apache.catalina.core.StandardService   : Starting service [Tomcat]
2026-05-11T14:38:31.959-05:00  INFO 19912 --- [sistema-transporte] [main] o.apache.catalina.core.StandardEngine    : Starting Servlet engine: [Apache Tomcat/10.1.24]
2026-05-11T14:38:32.058-05:00  INFO 19912 --- [sistema-transporte] [main] o.a.c.c.C.[Tomcat].[localhost].[/]       : Initializing Spring embedded WebApplicationContext
2026-05-11T14:38:32.060-05:00  INFO 19912 --- [sistema-transporte] [main] w.s.c.ServletWebServerApplicationContext : Root WebApplicationContext: initialization completed in 2998 ms
2026-05-11T14:38:32.471-05:00  INFO 19912 --- [sistema-transporte] [main] com.zaxxer.hikari.HikariDataSource       : TransporteHikariPool - Starting...
2026-05-11T14:38:32.765-05:00  INFO 19912 --- [sistema-transporte] [main] com.zaxxer.hikari.pool.HikariPool        : TransporteHikariPool - Added connection org.postgresql.jdbc.PgConnection@70485aa
2026-05-11T14:38:32.768-05:00  INFO 19912 --- [sistema-transporte] [main] com.zaxxer.hikari.HikariDataSource       : TransporteHikariPool - Start completed.
2026-05-11T14:38:32.941-05:00  INFO 19912 --- [sistema-transporte] [main] o.hibernate.jpa.internal.util.LogHelper  : HHH000204: Processing PersistenceUnitInfo [name: default]
2026-05-11T14:38:33.046-05:00  INFO 19912 --- [sistema-transporte] [main] org.hibernate.Version                    : HHH000412: Hibernate ORM core version 6.5.2.Final
2026-05-11T14:38:33.109-05:00  INFO 19912 --- [sistema-transporte] [main] o.h.c.internal.RegionFactoryInitiator    : HHH000026: Second-level cache disabled
2026-05-11T14:38:33.581-05:00  INFO 19912 --- [sistema-transporte] [main] o.s.o.j.p.SpringPersistenceUnitInfo      : No LoadTimeWeaver setup: ignoring JPA class transformer
2026-05-11T14:38:35.953-05:00  INFO 19912 --- [sistema-transporte] [main] o.h.e.t.j.p.i.JtaPlatformInitiator       : HHH000489: No JTA platform available (set 'hibernate.transaction.jta.platform' to enable JTA platform integration)
2026-05-11T14:38:36.340-05:00  INFO 19912 --- [sistema-transporte] [main] j.LocalContainerEntityManagerFactoryBean : Initialized JPA EntityManagerFactory for persistence unit 'default'
2026-05-11T14:38:36.943-05:00  INFO 19912 --- [sistema-transporte] [main] o.s.d.j.r.query.QueryEnhancerFactory     : Hibernate is in classpath; If applicable, HQL parser will be used.
2026-05-11T14:38:38.237-05:00  WARN 19912 --- [sistema-transporte] [main] r$InitializeUserDetailsManagerConfigurer : Global AuthenticationManager configured with an AuthenticationProvider bean. UserDetailsService beans will not be used for username/password login. Consider removing the AuthenticationProvider bean. Alternatively, consider using the UserDetailsService in a manually instantiated DaoAuthenticationProvider.
2026-05-11T14:38:39.585-05:00  INFO 19912 --- [sistema-transporte] [main] o.s.b.a.e.web.EndpointLinksResolver      : Exposing 3 endpoints beneath base path '/actuator'
2026-05-11T14:38:40.442-05:00  INFO 19912 --- [sistema-transporte] [main] o.s.b.w.embedded.tomcat.TomcatWebServer  : Tomcat started on port 8080 (http) with context path '/'
2026-05-11T14:38:40.463-05:00  INFO 19912 --- [sistema-transporte] [main] c.t.s.SistemaTransporteApplication       : Started SistemaTransporteApplication in 12.126 seconds (process running for 13.012)
2026-05-11T14:38:40.658-05:00  INFO 19912 --- [sistema-transporte] [main] c.t.sistema.config.DataInitializer       : Ya existen 162 viaje(s) en BD — no se generan viajes de prueba
2026-05-11T14:46:35.618-05:00  INFO 19912 --- [sistema-transporte] [SpringApplicationShutdownHook] j.LocalContainerEntityManagerFactoryBean : Closing JPA EntityManagerFactory for persistence unit 'default'
2026-05-11T14:46:35.624-05:00  INFO 19912 --- [sistema-transporte] [SpringApplicationShutdownHook] com.zaxxer.hikari.HikariDataSource       : TransporteHikariPool - Shutdown initiated...
2026-05-11T14:46:35.632-05:00  INFO 19912 --- [sistema-transporte] [SpringApplicationShutdownHook] com.zaxxer.hikari.HikariDataSource       : TransporteHikariPool - Shutdown completed.
2026-05-11T14:46:41.955-05:00  INFO 19016 --- [sistema-transporte] [main] c.t.s.SistemaTransporteApplication       : Starting SistemaTransporteApplication using Java 17.0.12 with PID 19016 (C:\Users\Elizabeth\Downloads\Intiwatana\intiwatana_final_v2\backend\bus-system\target\classes started by Elizabeth in C:\Users\Elizabeth\Downloads\Intiwatana\intiwatana_final_v2\backend\bus-system)
2026-05-11T14:46:41.961-05:00  INFO 19016 --- [sistema-transporte] [main] c.t.s.SistemaTransporteApplication       : No active profile set, falling back to 1 default profile: "default"
2026-05-11T14:46:43.977-05:00  INFO 19016 --- [sistema-transporte] [main] .s.d.r.c.RepositoryConfigurationDelegate : Bootstrapping Spring Data JPA repositories in DEFAULT mode.
2026-05-11T14:46:44.173-05:00  INFO 19016 --- [sistema-transporte] [main] .s.d.r.c.RepositoryConfigurationDelegate : Finished Spring Data repository scanning in 184 ms. Found 12 JPA repository interfaces.
2026-05-11T14:46:45.574-05:00  INFO 19016 --- [sistema-transporte] [main] o.s.b.w.embedded.tomcat.TomcatWebServer  : Tomcat initialized with port 8080 (http)
2026-05-11T14:46:45.591-05:00  INFO 19016 --- [sistema-transporte] [main] o.apache.catalina.core.StandardService   : Starting service [Tomcat]
2026-05-11T14:46:45.593-05:00  INFO 19016 --- [sistema-transporte] [main] o.apache.catalina.core.StandardEngine    : Starting Servlet engine: [Apache Tomcat/10.1.24]
2026-05-11T14:46:45.711-05:00  INFO 19016 --- [sistema-transporte] [main] o.a.c.c.C.[Tomcat].[localhost].[/]       : Initializing Spring embedded WebApplicationContext
2026-05-11T14:46:45.713-05:00  INFO 19016 --- [sistema-transporte] [main] w.s.c.ServletWebServerApplicationContext : Root WebApplicationContext: initialization completed in 3667 ms
2026-05-11T14:46:46.069-05:00  INFO 19016 --- [sistema-transporte] [main] com.zaxxer.hikari.HikariDataSource       : TransporteHikariPool - Starting...
2026-05-11T14:46:46.328-05:00  INFO 19016 --- [sistema-transporte] [main] com.zaxxer.hikari.pool.HikariPool        : TransporteHikariPool - Added connection org.postgresql.jdbc.PgConnection@222d9d4f
2026-05-11T14:46:46.331-05:00  INFO 19016 --- [sistema-transporte] [main] com.zaxxer.hikari.HikariDataSource       : TransporteHikariPool - Start completed.
2026-05-11T14:46:46.491-05:00  INFO 19016 --- [sistema-transporte] [main] o.hibernate.jpa.internal.util.LogHelper  : HHH000204: Processing PersistenceUnitInfo [name: default]
2026-05-11T14:46:46.617-05:00  INFO 19016 --- [sistema-transporte] [main] org.hibernate.Version                    : HHH000412: Hibernate ORM core version 6.5.2.Final
2026-05-11T14:46:46.689-05:00  INFO 19016 --- [sistema-transporte] [main] o.h.c.internal.RegionFactoryInitiator    : HHH000026: Second-level cache disabled
2026-05-11T14:46:47.179-05:00  INFO 19016 --- [sistema-transporte] [main] o.s.o.j.p.SpringPersistenceUnitInfo      : No LoadTimeWeaver setup: ignoring JPA class transformer
2026-05-11T14:46:49.267-05:00  INFO 19016 --- [sistema-transporte] [main] o.h.e.t.j.p.i.JtaPlatformInitiator       : HHH000489: No JTA platform available (set 'hibernate.transaction.jta.platform' to enable JTA platform integration)
2026-05-11T14:46:49.641-05:00  INFO 19016 --- [sistema-transporte] [main] j.LocalContainerEntityManagerFactoryBean : Initialized JPA EntityManagerFactory for persistence unit 'default'
2026-05-11T14:46:50.092-05:00  INFO 19016 --- [sistema-transporte] [main] o.s.d.j.r.query.QueryEnhancerFactory     : Hibernate is in classpath; If applicable, HQL parser will be used.
2026-05-11T14:46:51.405-05:00  WARN 19016 --- [sistema-transporte] [main] r$InitializeUserDetailsManagerConfigurer : Global AuthenticationManager configured with an AuthenticationProvider bean. UserDetailsService beans will not be used for username/password login. Consider removing the AuthenticationProvider bean. Alternatively, consider using the UserDetailsService in a manually instantiated DaoAuthenticationProvider.
2026-05-11T14:46:52.774-05:00  INFO 19016 --- [sistema-transporte] [main] o.s.b.a.e.web.EndpointLinksResolver      : Exposing 3 endpoints beneath base path '/actuator'
2026-05-11T14:46:53.597-05:00  INFO 19016 --- [sistema-transporte] [main] o.s.b.w.embedded.tomcat.TomcatWebServer  : Tomcat started on port 8080 (http) with context path '/'
2026-05-11T14:46:53.597-05:00  INFO 19016 --- [sistema-transporte] [RMI TCP Connection(2)-127.0.0.1] o.a.c.c.C.[Tomcat].[localhost].[/]       : Initializing Spring DispatcherServlet 'dispatcherServlet'
2026-05-11T14:46:53.597-05:00  INFO 19016 --- [sistema-transporte] [RMI TCP Connection(2)-127.0.0.1] o.s.web.servlet.DispatcherServlet        : Initializing Servlet 'dispatcherServlet'
2026-05-11T14:46:53.600-05:00  INFO 19016 --- [sistema-transporte] [RMI TCP Connection(2)-127.0.0.1] o.s.web.servlet.DispatcherServlet        : Completed initialization in 2 ms
2026-05-11T14:46:53.604-05:00  INFO 19016 --- [sistema-transporte] [main] c.t.s.SistemaTransporteApplication       : Started SistemaTransporteApplication in 12.343 seconds (process running for 13.163)
2026-05-11T14:46:53.894-05:00  INFO 19016 --- [sistema-transporte] [main] c.t.sistema.config.DataInitializer       : Ya existen 162 viaje(s) en BD — no se generan viajes de prueba
2026-05-11T14:47:04.872-05:00  WARN 19016 --- [sistema-transporte] [http-nio-8080-exec-2] c.t.s.security.JwtAuthenticationFilter   : No se pudo extraer username del JWT: JWT expired 530465871 milliseconds ago at 2026-05-05T16:25:59.000Z. Current time: 2026-05-11T19:47:04.871Z. Allowed clock skew: 0 milliseconds.
2026-05-11T14:47:04.872-05:00  WARN 19016 --- [sistema-transporte] [http-nio-8080-exec-1] c.t.s.security.JwtAuthenticationFilter   : No se pudo extraer username del JWT: JWT expired 530465871 milliseconds ago at 2026-05-05T16:25:59.000Z. Current time: 2026-05-11T19:47:04.871Z. Allowed clock skew: 0 milliseconds.
2026-05-11T14:47:13.476-05:00  WARN 19016 --- [sistema-transporte] [http-nio-8080-exec-6] c.t.s.security.JwtAuthenticationFilter   : No se pudo extraer username del JWT: JWT expired 530474475 milliseconds ago at 2026-05-05T16:25:59.000Z. Current time: 2026-05-11T19:47:13.475Z. Allowed clock skew: 0 milliseconds.
2026-05-11T14:47:17.628-05:00  WARN 19016 --- [sistema-transporte] [http-nio-8080-exec-5] c.t.s.security.JwtAuthenticationFilter   : No se pudo extraer username del JWT: JWT expired 530478628 milliseconds ago at 2026-05-05T16:25:59.000Z. Current time: 2026-05-11T19:47:17.628Z. Allowed clock skew: 0 milliseconds.
2026-05-11T14:47:53.548-05:00  INFO 16000 --- [sistema-transporte] [main] c.t.s.SistemaTransporteApplication       : Starting SistemaTransporteApplication using Java 17.0.12 with PID 16000 (C:\Users\Elizabeth\Downloads\Intiwatana\intiwatana_final_v2\backend\bus-system\target\classes started by Elizabeth in C:\Users\Elizabeth\Downloads\Intiwatana\intiwatana_final_v2\backend\bus-system)
2026-05-11T14:47:53.551-05:00  INFO 16000 --- [sistema-transporte] [main] c.t.s.SistemaTransporteApplication       : No active profile set, falling back to 1 default profile: "default"
2026-05-11T14:47:55.346-05:00  INFO 16000 --- [sistema-transporte] [main] .s.d.r.c.RepositoryConfigurationDelegate : Bootstrapping Spring Data JPA repositories in DEFAULT mode.
2026-05-11T14:47:55.518-05:00  INFO 16000 --- [sistema-transporte] [main] .s.d.r.c.RepositoryConfigurationDelegate : Finished Spring Data repository scanning in 161 ms. Found 12 JPA repository interfaces.
2026-05-11T14:47:56.829-05:00  INFO 16000 --- [sistema-transporte] [main] o.s.b.w.embedded.tomcat.TomcatWebServer  : Tomcat initialized with port 8080 (http)
2026-05-11T14:47:56.851-05:00  INFO 16000 --- [sistema-transporte] [main] o.apache.catalina.core.StandardService   : Starting service [Tomcat]
2026-05-11T14:47:56.851-05:00  INFO 16000 --- [sistema-transporte] [main] o.apache.catalina.core.StandardEngine    : Starting Servlet engine: [Apache Tomcat/10.1.24]
2026-05-11T14:47:56.954-05:00  INFO 16000 --- [sistema-transporte] [main] o.a.c.c.C.[Tomcat].[localhost].[/]       : Initializing Spring embedded WebApplicationContext
2026-05-11T14:47:56.955-05:00  INFO 16000 --- [sistema-transporte] [main] w.s.c.ServletWebServerApplicationContext : Root WebApplicationContext: initialization completed in 3337 ms
2026-05-11T14:47:57.297-05:00  INFO 16000 --- [sistema-transporte] [main] com.zaxxer.hikari.HikariDataSource       : TransporteHikariPool - Starting...
2026-05-11T14:47:57.607-05:00  INFO 16000 --- [sistema-transporte] [main] com.zaxxer.hikari.pool.HikariPool        : TransporteHikariPool - Added connection org.postgresql.jdbc.PgConnection@528e5e38
2026-05-11T14:47:57.614-05:00  INFO 16000 --- [sistema-transporte] [main] com.zaxxer.hikari.HikariDataSource       : TransporteHikariPool - Start completed.
2026-05-11T14:47:57.832-05:00  INFO 16000 --- [sistema-transporte] [main] o.hibernate.jpa.internal.util.LogHelper  : HHH000204: Processing PersistenceUnitInfo [name: default]
2026-05-11T14:47:57.932-05:00  INFO 16000 --- [sistema-transporte] [main] org.hibernate.Version                    : HHH000412: Hibernate ORM core version 6.5.2.Final
2026-05-11T14:47:57.984-05:00  INFO 16000 --- [sistema-transporte] [main] o.h.c.internal.RegionFactoryInitiator    : HHH000026: Second-level cache disabled
2026-05-11T14:47:58.442-05:00  INFO 16000 --- [sistema-transporte] [main] o.s.o.j.p.SpringPersistenceUnitInfo      : No LoadTimeWeaver setup: ignoring JPA class transformer
2026-05-11T14:48:01.316-05:00  INFO 16000 --- [sistema-transporte] [main] o.h.e.t.j.p.i.JtaPlatformInitiator       : HHH000489: No JTA platform available (set 'hibernate.transaction.jta.platform' to enable JTA platform integration)
2026-05-11T14:48:01.759-05:00  INFO 16000 --- [sistema-transporte] [main] j.LocalContainerEntityManagerFactoryBean : Initialized JPA EntityManagerFactory for persistence unit 'default'
2026-05-11T14:48:02.505-05:00  INFO 16000 --- [sistema-transporte] [main] o.s.d.j.r.query.QueryEnhancerFactory     : Hibernate is in classpath; If applicable, HQL parser will be used.
2026-05-11T14:48:04.042-05:00  WARN 16000 --- [sistema-transporte] [main] r$InitializeUserDetailsManagerConfigurer : Global AuthenticationManager configured with an AuthenticationProvider bean. UserDetailsService beans will not be used for username/password login. Consider removing the AuthenticationProvider bean. Alternatively, consider using the UserDetailsService in a manually instantiated DaoAuthenticationProvider.
2026-05-11T14:48:05.380-05:00  INFO 16000 --- [sistema-transporte] [main] o.s.b.a.e.web.EndpointLinksResolver      : Exposing 3 endpoints beneath base path '/actuator'
2026-05-11T14:48:06.150-05:00  INFO 16000 --- [sistema-transporte] [main] o.s.b.w.embedded.tomcat.TomcatWebServer  : Tomcat started on port 8080 (http) with context path '/'
2026-05-11T14:48:06.167-05:00  INFO 16000 --- [sistema-transporte] [main] c.t.s.SistemaTransporteApplication       : Started SistemaTransporteApplication in 13.262 seconds (process running for 14.049)
2026-05-11T14:48:06.376-05:00  INFO 16000 --- [sistema-transporte] [main] c.t.sistema.config.DataInitializer       : Ya existen 162 viaje(s) en BD — no se generan viajes de prueba
2026-05-11T14:48:08.078-05:00  INFO 16000 --- [sistema-transporte] [RMI TCP Connection(2)-127.0.0.1] o.a.c.c.C.[Tomcat].[localhost].[/]       : Initializing Spring DispatcherServlet 'dispatcherServlet'
2026-05-11T14:48:08.082-05:00  INFO 16000 --- [sistema-transporte] [RMI TCP Connection(2)-127.0.0.1] o.s.web.servlet.DispatcherServlet        : Initializing Servlet 'dispatcherServlet'
2026-05-11T14:48:08.086-05:00  INFO 16000 --- [sistema-transporte] [RMI TCP Connection(2)-127.0.0.1] o.s.web.servlet.DispatcherServlet        : Completed initialization in 1 ms
2026-05-11T14:48:31.708-05:00  INFO 16000 --- [sistema-transporte] [http-nio-8080-exec-1] c.t.s.service.impl.AuthServiceImpl       : Login exitoso: Jhoseph_F [ROLE_CLIENTE]
2026-05-11T14:51:51.119-05:00  INFO 16000 --- [sistema-transporte] [http-nio-8080-exec-6] c.t.s.service.impl.AuthServiceImpl       : Login exitoso: admin [ROLE_ADMIN]
2026-05-11T14:51:51.411-05:00  WARN 16000 --- [sistema-transporte] [http-nio-8080-exec-2] PageModule$PlainPageSerializationWarning : Serializing PageImpl instances as-is is not supported, meaning that there is no guarantee about the stability of the resulting JSON structure!
	For a stable JSON structure, please use Spring Data's PagedModel (globally via @EnableSpringDataWebSupport(pageSerializationMode = VIA_DTO))
	or Spring HATEOAS and Spring Data's PagedResourcesAssembler as documented in https://docs.spring.io/spring-data/commons/reference/repositories/core-extensions.html#core.web.pageables.

